Archive member included to satisfy reference by file (symbol)

C:/ST/STM32CubeIDE_2.0.0/STM32CubeIDE/plugins/com.st.stm32cube.ide.mcu.externaltools.gnu-tools-for-stm32.13.3.rel1.win32_1.0.100.202509120712/tools/bin/../lib/gcc/arm-none-eabi/13.3.1/../../../../arm-none-eabi/lib/thumb/v7e-m+fp/hard\libc_nano.a(libc_a-exit.o)
                              C:/ST/STM32CubeIDE_2.0.0/STM32CubeIDE/plugins/com.st.stm32cube.ide.mcu.externaltools.gnu-tools-for-stm32.13.3.rel1.win32_1.0.100.202509120712/tools/bin/../lib/gcc/arm-none-eabi/13.3.1/../../../../arm-none-eabi/lib/thumb/v7e-m+fp/hard/crt0.o (exit)
C:/ST/STM32CubeIDE_2.0.0/STM32CubeIDE/plugins/com.st.stm32cube.ide.mcu.externaltools.gnu-tools-for-stm32.13.3.rel1.win32_1.0.100.202509120712/tools/bin/../lib/gcc/arm-none-eabi/13.3.1/../../../../arm-none-eabi/lib/thumb/v7e-m+fp/hard\libc_nano.a(libc_a-findfp.o)
                              C:/ST/STM32CubeIDE_2.0.0/STM32CubeIDE/plugins/com.st.stm32cube.ide.mcu.externaltools.gnu-tools-for-stm32.13.3.rel1.win32_1.0.100.202509120712/tools/bin/../lib/gcc/arm-none-eabi/13.3.1/../../../../arm-none-eabi/lib/thumb/v7e-m+fp/hard\libc_nano.a(libc_a-exit.o) (__stdio_exit_handler)
C:/ST/STM32CubeIDE_2.0.0/STM32CubeIDE/plugins/com.st.stm32cube.ide.mcu.externaltools.gnu-tools-for-stm32.13.3.rel1.win32_1.0.100.202509120712/tools/bin/../lib/gcc/arm-none-eabi/13.3.1/../../../../arm-none-eabi/lib/thumb/v7e-m+fp/hard\libc_nano.a(libc_a-fwalk.o)
                              C:/ST/STM32CubeIDE_2.0.0/STM32CubeIDE/plugins/com.st.stm32cube.ide.mcu.externaltools.gnu-tools-for-stm32.13.3.rel1.win32_1.0.100.202509120712/tools/bin/../lib/gcc/arm-none-eabi/13.3.1/../../../../arm-none-eabi/lib/thumb/v7e-m+fp/hard\libc_nano.a(libc_a-findfp.o) (_fwalk_sglue)
C:/ST/STM32CubeIDE_2.0.0/STM32CubeIDE/plugins/com.st.stm32cube.ide.mcu.externaltools.gnu-tools-for-stm32.13.3.rel1.win32_1.0.100.202509120712/tools/bin/../lib/gcc/arm-none-eabi/13.3.1/../../../../arm-none-eabi/lib/thumb/v7e-m+fp/hard\libc_nano.a(libc_a-stdio.o)
                              C:/ST/STM32CubeIDE_2.0.0/STM32CubeIDE/plugins/com.st.stm32cube.ide.mcu.externaltools.gnu-tools-for-stm32.13.3.rel1.win32_1.0.100.202509120712/tools/bin/../lib/gcc/arm-none-eabi/13.3.1/../../../../arm-none-eabi/lib/thumb/v7e-m+fp/hard\libc_nano.a(libc_a-findfp.o) (__sread)
C:/ST/STM32CubeIDE_2.0.0/STM32CubeIDE/plugins/com.st.stm32cube.ide.mcu.externaltools.gnu-tools-for-stm32.13.3.rel1.win32_1.0.100.202509120712/tools/bin/../lib/gcc/arm-none-eabi/13.3.1/../../../../arm-none-eabi/lib/thumb/v7e-m+fp/hard\libc_nano.a(libc_a-memset.o)
                              C:/ST/STM32CubeIDE_2.0.0/STM32CubeIDE/plugins/com.st.stm32cube.ide.mcu.externaltools.gnu-tools-for-stm32.13.3.rel1.win32_1.0.100.202509120712/tools/bin/../lib/gcc/arm-none-eabi/13.3.1/../../../../arm-none-eabi/lib/thumb/v7e-m+fp/hard/crt0.o (memset)
C:/ST/STM32CubeIDE_2.0.0/STM32CubeIDE/plugins/com.st.stm32cube.ide.mcu.externaltools.gnu-tools-for-stm32.13.3.rel1.win32_1.0.100.202509120712/tools/bin/../lib/gcc/arm-none-eabi/13.3.1/../../../../arm-none-eabi/lib/thumb/v7e-m+fp/hard\libc_nano.a(libc_a-closer.o)
                              C:/ST/STM32CubeIDE_2.0.0/STM32CubeIDE/plugins/com.st.stm32cube.ide.mcu.externaltools.gnu-tools-for-stm32.13.3.rel1.win32_1.0.100.202509120712/tools/bin/../lib/gcc/arm-none-eabi/13.3.1/../../../../arm-none-eabi/lib/thumb/v7e-m+fp/hard\libc_nano.a(libc_a-stdio.o) (_close_r)
C:/ST/STM32CubeIDE_2.0.0/STM32CubeIDE/plugins/com.st.stm32cube.ide.mcu.externaltools.gnu-tools-for-stm32.13.3.rel1.win32_1.0.100.202509120712/tools/bin/../lib/gcc/arm-none-eabi/13.3.1/../../../../arm-none-eabi/lib/thumb/v7e-m+fp/hard\libc_nano.a(libc_a-reent.o)
                              C:/ST/STM32CubeIDE_2.0.0/STM32CubeIDE/plugins/com.st.stm32cube.ide.mcu.externaltools.gnu-tools-for-stm32.13.3.rel1.win32_1.0.100.202509120712/tools/bin/../lib/gcc/arm-none-eabi/13.3.1/../../../../arm-none-eabi/lib/thumb/v7e-m+fp/hard\libc_nano.a(libc_a-closer.o) (errno)
C:/ST/STM32CubeIDE_2.0.0/STM32CubeIDE/plugins/com.st.stm32cube.ide.mcu.externaltools.gnu-tools-for-stm32.13.3.rel1.win32_1.0.100.202509120712/tools/bin/../lib/gcc/arm-none-eabi/13.3.1/../../../../arm-none-eabi/lib/thumb/v7e-m+fp/hard\libc_nano.a(libc_a-impure.o)
                              C:/ST/STM32CubeIDE_2.0.0/STM32CubeIDE/plugins/com.st.stm32cube.ide.mcu.externaltools.gnu-tools-for-stm32.13.3.rel1.win32_1.0.100.202509120712/tools/bin/../lib/gcc/arm-none-eabi/13.3.1/../../../../arm-none-eabi/lib/thumb/v7e-m+fp/hard\libc_nano.a(libc_a-reent.o) (_impure_ptr)
C:/ST/STM32CubeIDE_2.0.0/STM32CubeIDE/plugins/com.st.stm32cube.ide.mcu.externaltools.gnu-tools-for-stm32.13.3.rel1.win32_1.0.100.202509120712/tools/bin/../lib/gcc/arm-none-eabi/13.3.1/../../../../arm-none-eabi/lib/thumb/v7e-m+fp/hard\libc_nano.a(libc_a-lseekr.o)
[...]
Memory Configuration

Name             Origin             Length             Attributes
RAM              0x20000000         0x00050000         xrw
FLASH            0x08000000         0x00100000         xr
*default*        0x00000000         0xffffffff

Linker script and memory map

LOAD C:/ST/STM32CubeIDE_2.0.0/STM32CubeIDE/plugins/com.st.stm32cube.ide.mcu.externaltools.gnu-tools-for-stm32.13.3.rel1.win32_1.0.100.202509120712/tools/bin/../lib/gcc/arm-none-eabi/13.3.1/thumb/v7e-m+fp/hard/crti.o
LOAD C:/ST/STM32CubeIDE_2.0.0/STM32CubeIDE/plugins/com.st.stm32cube.ide.mcu.externaltools.gnu-tools-for-stm32.13.3.rel1.win32_1.0.100.202509120712/tools/bin/../lib/gcc/arm-none-eabi/13.3.1/thumb/v7e-m+fp/hard/crtbegin.o
LOAD C:/ST/STM32CubeIDE_2.0.0/STM32CubeIDE/plugins/com.st.stm32cube.ide.mcu.externaltools.gnu-tools-for-stm32.13.3.rel1.win32_1.0.100.202509120712/tools/bin/../lib/gcc/arm-none-eabi/13.3.1/../../../../arm-none-eabi/lib/thumb/v7e-m+fp/hard/crt0.o
LOAD ./Core/Src/main.o
LOAD ./Core/Src/stm32f7xx_hal_msp.o
LOAD ./Core/Src/stm32f7xx_hal_timebase_tim.o
LOAD ./Core/Src/stm32f7xx_it.o
LOAD ./Core/Src/syscalls.o
LOAD ./Core/Src/sysmem.o
LOAD ./Core/Src/system_stm32f7xx.o
LOAD ./Core/Startup/startup_stm32f746nghx.o
LOAD ./Drivers/BSP/Components/ft5336/ft5336.o
LOAD ./Drivers/BSP/STM32746G-Discovery/stm32746g_discovery.o
LOAD ./Drivers/BSP/STM32746G-Discovery/stm32746g_discovery_lcd.o
LOAD ./Drivers/BSP/STM32746G-Discovery/stm32746g_discovery_sdram.o
LOAD ./Drivers/BSP/STM32746G-Discovery/stm32746g_discovery_ts.o
LOAD ./Drivers/BSP/Utilities/Fonts/font12.o
LOAD ./Drivers/BSP/Utilities/Fonts/font16.o
LOAD ./Drivers/BSP/Utilities/Fonts/font20.o
LOAD ./Drivers/BSP/Utilities/Fonts/font24.o
LOAD ./Drivers/BSP/Utilities/Fonts/font8.o
LOAD ./Drivers/STM32F7xx_HAL_Driver/Src/stm32f7xx_hal.o
LOAD ./Drivers/STM32F7xx_HAL_Driver/Src/stm32f7xx_hal_cortex.o
LOAD ./Drivers/STM32F7xx_HAL_Driver/Src/stm32f7xx_hal_crc.o
LOAD ./Drivers/STM32F7xx_HAL_Driver/Src/stm32f7xx_hal_crc_ex.o
LOAD ./Drivers/STM32F7xx_HAL_Driver/Src/stm32f7xx_hal_dma.o
LOAD ./Drivers/STM32F7xx_HAL_Driver/Src/stm32f7xx_hal_dma2d.o
LOAD ./Drivers/STM32F7xx_HAL_Driver/Src/stm32f7xx_hal_dma_ex.o
LOAD ./Drivers/STM32F7xx_HAL_Driver/Src/stm32f7xx_hal_dsi.o
LOAD ./Drivers/STM32F7xx_HAL_Driver/Src/stm32f7xx_hal_exti.o
LOAD ./Drivers/STM32F7xx_HAL_Driver/Src/stm32f7xx_hal_flash.o
LOAD ./Drivers/STM32F7xx_HAL_Driver/Src/stm32f7xx_hal_flash_ex.o
LOAD ./Drivers/STM32F7xx_HAL_Driver/Src/stm32f7xx_hal_gpio.o
LOAD ./Drivers/STM32F7xx_HAL_Driver/Src/stm32f7xx_hal_i2c.o
LOAD ./Drivers/STM32F7xx_HAL_Driver/Src/stm32f7xx_hal_i2c_ex.o
LOAD ./Drivers/STM32F7xx_HAL_Driver/Src/stm32f7xx_hal_ltdc.o
LOAD ./Drivers/STM32F7xx_HAL_Driver/Src/stm32f7xx_hal_ltdc_ex.o
LOAD ./Drivers/STM32F7xx_HAL_Driver/Src/stm32f7xx_hal_nand.o
LOAD ./Drivers/STM32F7xx_HAL_Driver/Src/stm32f7xx_hal_nor.o
LOAD ./Drivers/STM32F7xx_HAL_Driver/Src/stm32f7xx_hal_pwr.o
LOAD ./Drivers/STM32F7xx_HAL_Driver/Src/stm32f7xx_hal_pwr_ex.o
LOAD ./Drivers/STM32F7xx_HAL_Driver/Src/stm32f7xx_hal_rcc.o
LOAD ./Drivers/STM32F7xx_HAL_Driver/Src/stm32f7xx_hal_rcc_ex.o
LOAD ./Drivers/STM32F7xx_HAL_Driver/Src/stm32f7xx_hal_sdram.o
LOAD ./Drivers/STM32F7xx_HAL_Driver/Src/stm32f7xx_hal_sram.o
LOAD ./Drivers/STM32F7xx_HAL_Driver/Src/stm32f7xx_hal_tim.o
LOAD ./Drivers/STM32F7xx_HAL_Driver/Src/stm32f7xx_hal_tim_ex.o
LOAD ./Drivers/STM32F7xx_HAL_Driver/Src/stm32f7xx_hal_uart.o
LOAD ./Drivers/STM32F7xx_HAL_Driver/Src/stm32f7xx_hal_uart_ex.o
LOAD ./Drivers/STM32F7xx_HAL_Driver/Src/stm32f7xx_ll_fmc.o
START GROUP
LOAD C:/ST/STM32CubeIDE_2.0.0/STM32CubeIDE/plugins/com.st.stm32cube.ide.mcu.externaltools.gnu-tools-for-stm32.13.3.rel1.win32_1.0.100.202509120712/tools/bin/../lib/gcc/arm-none-eabi/13.3.1/../../../../arm-none-eabi/lib/thumb/v7e-m+fp/hard\libc_nano.a
LOAD C:/ST/STM32CubeIDE_2.0.0/STM32CubeIDE/plugins/com.st.stm32cube.ide.mcu.externaltools.gnu-tools-for-stm32.13.3.rel1.win32_1.0.100.202509120712/tools/bin/../lib/gcc/arm-none-eabi/13.3.1/../../../../arm-none-eabi/lib/thumb/v7e-m+fp/hard\libm.a
END GROUP
START GROUP
LOAD C:/ST/STM32CubeIDE_2.0.0/STM32CubeIDE/plugins/com.st.stm32cube.ide.mcu.externaltools.gnu-tools-for-stm32.13.3.rel1.win32_1.0.100.202509120712/tools/bin/../lib/gcc/arm-none-eabi/13.3.1/thumb/v7e-m+fp/hard\libgcc.a
LOAD C:/ST/STM32CubeIDE_2.0.0/STM32CubeIDE/plugins/com.st.stm32cube.ide.mcu.externaltools.gnu-tools-for-stm32.13.3.rel1.win32_1.0.100.202509120712/tools/bin/../lib/gcc/arm-none-eabi/13.3.1/../../../../arm-none-eabi/lib/thumb/v7e-m+fp/hard\libc_nano.a
END GROUP
START GROUP
LOAD C:/ST/STM32CubeIDE_2.0.0/STM32CubeIDE/plugins/com.st.stm32cube.ide.mcu.externaltools.gnu-tools-for-stm32.13.3.rel1.win32_1.0.100.202509120712/tools/bin/../lib/gcc/arm-none-eabi/13.3.1/thumb/v7e-m+fp/hard\libgcc.a
LOAD C:/ST/STM32CubeIDE_2.0.0/STM32CubeIDE/plugins/com.st.stm32cube.ide.mcu.externaltools.gnu-tools-for-stm32.13.3.rel1.win32_1.0.100.202509120712/tools/bin/../lib/gcc/arm-none-eabi/13.3.1/../../../../arm-none-eabi/lib/thumb/v7e-m+fp/hard\libc_nano.a
LOAD C:/ST/STM32CubeIDE_2.0.0/STM32CubeIDE/plugins/com.st.stm32cube.ide.mcu.externaltools.gnu-tools-for-stm32.13.3.rel1.win32_1.0.100.202509120712/tools/bin/../lib/gcc/arm-none-eabi/13.3.1/../../../../arm-none-eabi/lib/thumb/v7e-m+fp/hard\libnosys.a
END GROUP
START GROUP
LOAD C:/ST/STM32CubeIDE_2.0.0/STM32CubeIDE/plugins/com.st.stm32cube.ide.mcu.externaltools.gnu-tools-for-stm32.13.3.rel1.win32_1.0.100.202509120712/tools/bin/../lib/gcc/arm-none-eabi/13.3.1/thumb/v7e-m+fp/hard\libgcc.a
LOAD C:/ST/STM32CubeIDE_2.0.0/STM32CubeIDE/plugins/com.st.stm32cube.ide.mcu.externaltools.gnu-tools-for-stm32.13.3.rel1.win32_1.0.100.202509120712/tools/bin/../lib/gcc/arm-none-eabi/13.3.1/../../../../arm-none-eabi/lib/thumb/v7e-m+fp/hard\libc_nano.a
LOAD C:/ST/STM32CubeIDE_2.0.0/STM32CubeIDE/plugins/com.st.stm32cube.ide.mcu.externaltools.gnu-tools-for-stm32.13.3.rel1.win32_1.0.100.202509120712/tools/bin/../lib/gcc/arm-none-eabi/13.3.1/../../../../arm-none-eabi/lib/thumb/v7e-m+fp/hard\libnosys.a
END GROUP
LOAD C:/ST/STM32CubeIDE_2.0.0/STM32CubeIDE/plugins/com.st.stm32cube.ide.mcu.externaltools.gnu-tools-for-stm32.13.3.rel1.win32_1.0.100.202509120712/tools/bin/../lib/gcc/arm-none-eabi/13.3.1/thumb/v7e-m+fp/hard/crtend.o
LOAD C:/ST/STM32CubeIDE_2.0.0/STM32CubeIDE/plugins/com.st.stm32cube.ide.mcu.externaltools.gnu-tools-for-stm32.13.3.rel1.win32_1.0.100.202509120712/tools/bin/../lib/gcc/arm-none-eabi/13.3.1/thumb/v7e-m+fp/hard/crtn.o
                0x20050000                        _estack = (ORIGIN (RAM) + LENGTH (RAM))
                0x00000200                        _Min_Heap_Size = 0x200
                0x00000400                        _Min_Stack_Size = 0x400

.isr_vector     0x08000000      0x1c8
                0x08000000                        . = ALIGN (0x4)
 *(.isr_vector)
 .isr_vector    0x08000000      0x1c8 ./Core/Startup/startup_stm32f746nghx.o
                0x08000000                g_pfnVectors
                0x080001c8                        . = ALIGN (0x4)

.text           0x080001c8     0x7dcc
                0x080001c8                        . = ALIGN (0x4)
 *(.text)
 .text          0x080001c8       0x40 C:/ST/STM32CubeIDE_2.0.0/STM32CubeIDE/plugins/com.st.stm32cube.ide.mcu.externaltools.gnu-tools-for-stm32.13.3.rel1.win32_1.0.100.202509120712/tools/bin/../lib/gcc/arm-none-eabi/13.3.1/thumb/v7e-m+fp/hard/crtbegin.o
 .text          0x08000208       0x30 C:/ST/STM32CubeIDE_2.0.0/STM32CubeIDE/plugins/com.st.stm32cube.ide.mcu.externaltools.gnu-tools-for-stm32.13.3.rel1.win32_1.0.100.202509120712/tools/bin/../lib/gcc/arm-none-eabi/13.3.1/thumb/v7e-m+fp/hard\libgcc.a(_aeabi_uldivmod.o)
                0x08000208                __aeabi_uldivmod
 .text          0x08000238      0x2f8 C:/ST/STM32CubeIDE_2.0.0/STM32CubeIDE/plugins/com.st.stm32cube.ide.mcu.externaltools.gnu-tools-for-stm32.13.3.rel1.win32_1.0.100.202509120712/tools/bin/../lib/gcc/arm-none-eabi/13.3.1/thumb/v7e-m+fp/hard\libgcc.a(_udivmoddi4.o)
                0x08000238                __udivmoddi4
 .text          0x08000530        0x4 C:/ST/STM32CubeIDE_2.0.0/STM32CubeIDE/plugins/com.st.stm32cube.ide.mcu.externaltools.gnu-tools-for-stm32.13.3.rel1.win32_1.0.100.202509120712/tools/bin/../lib/gcc/arm-none-eabi/13.3.1/thumb/v7e-m+fp/hard\libgcc.a(_dvmd_tls.o)
                0x08000530                __aeabi_idiv0
                0x08000530                __aeabi_ldiv0
 *(.text*)
 .text.DrawSeparator
                0x08000534       0x58 ./Core/Src/main.o
                0x08000534                DrawSeparator
 .text.DrawLogoACTIA
                0x0800058c       0xc0 ./Core/Src/main.o
                0x0800058c                DrawLogoACTIA
 .text.DrawToggleButton
                0x0800064c      0x168 ./Core/Src/main.o
                0x0800064c                DrawToggleButton
 .text.DrawScreen
                0x080007b4      0x290 ./Core/Src/main.o
                0x080007b4                DrawScreen
 .text.main     0x08000a44       0xf0 ./Core/Src/main.o
                0x08000a44                main
 .text.SystemClock_Config
                0x08000b34       0xe0 ./Core/Src/main.o
                0x08000b34                SystemClock_Config
 .text.MX_CRC_Init
                0x08000c14       0x44 ./Core/Src/main.o
 .text.MX_DMA2D_Init
                0x08000c58       0x64 ./Core/Src/main.o
 .text.MX_I2C1_Init
                0x08000cbc       0x80 ./Core/Src/main.o
 .text.MX_LTDC_Init
                0x08000d3c      0x104 ./Core/Src/main.o
 .text.MX_FMC_Init
                0x08000e40       0xa0 ./Core/Src/main.o
 .text.MX_GPIO_Init
                0x08000ee0      0x754 ./Core/Src/main.o
 .text.MPU_Config
                0x08001634       0x84 ./Core/Src/main.o
 .text.HAL_TIM_PeriodElapsedCallback
                0x080016b8       0x24 ./Core/Src/main.o
                0x080016b8                HAL_TIM_PeriodElapsedCallback
 .text.Error_Handler
                0x080016dc        0xc ./Core/Src/main.o
                0x080016dc                Error_Handler
 .text.HAL_MspInit
                0x080016e8       0x48 ./Core/Src/stm32f7xx_hal_msp.o
                0x080016e8                HAL_MspInit
 .text.HAL_CRC_MspInit
                0x08001730       0x40 ./Core/Src/stm32f7xx_hal_msp.o
                0x08001730                HAL_CRC_MspInit
 .text.HAL_DMA2D_MspInit
                0x08001770       0x4c ./Core/Src/stm32f7xx_hal_msp.o
                0x08001770                HAL_DMA2D_MspInit
 .text.HAL_I2C_MspInit
                0x080017bc       0xc0 ./Core/Src/stm32f7xx_hal_msp.o
                0x080017bc                HAL_I2C_MspInit
 .text.HAL_I2C_MspDeInit
                0x0800187c       0x48 ./Core/Src/stm32f7xx_hal_msp.o
                0x0800187c                HAL_I2C_MspDeInit
 .text.HAL_LTDC_MspInit
                0x080018c4      0x204 ./Core/Src/stm32f7xx_hal_msp.o
                0x080018c4                HAL_LTDC_MspInit
 .text.HAL_FMC_MspInit
                0x08001ac8      0x120 ./Core/Src/stm32f7xx_hal_msp.o
 .text.HAL_SDRAM_MspInit
                0x08001be8       0x14 ./Core/Src/stm32f7xx_hal_msp.o
                0x08001be8                HAL_SDRAM_MspInit
 .text.HAL_InitTick
                0x08001bfc       0xf4 ./Core/Src/stm32f7xx_hal_timebase_tim.o
                0x08001bfc                HAL_InitTick
 .text.NMI_Handler
                0x08001cf0        0x8 ./Core/Src/stm32f7xx_it.o
                0x08001cf0                NMI_Handler
 .text.HardFault_Handler
                0x08001cf8        0x8 ./Core/Src/stm32f7xx_it.o
                0x08001cf8                HardFault_Handler
 .text.MemManage_Handler
                0x08001d00        0x8 ./Core/Src/stm32f7xx_it.o
                0x08001d00                MemManage_Handler
 .text.BusFault_Handler
                0x08001d08        0x8 ./Core/Src/stm32f7xx_it.o
                0x08001d08                BusFault_Handler
 .text.UsageFault_Handler
                0x08001d10        0x8 ./Core/Src/stm32f7xx_it.o
                0x08001d10                UsageFault_Handler
 .text.SVC_Handler
                0x08001d18        0xe ./Core/Src/stm32f7xx_it.o
                0x08001d18                SVC_Handler
 .text.DebugMon_Handler
                0x08001d26        0xe ./Core/Src/stm32f7xx_it.o
                0x08001d26                DebugMon_Handler
 .text.PendSV_Handler
                0x08001d34        0xe ./Core/Src/stm32f7xx_it.o
                0x08001d34                PendSV_Handler
 .text.SysTick_Handler
                0x08001d42        0xe ./Core/Src/stm32f7xx_it.o
                0x08001d42                SysTick_Handler
 .text.TIM6_DAC_IRQHandler
                0x08001d50       0x14 ./Core/Src/stm32f7xx_it.o
                0x08001d50                TIM6_DAC_IRQHandler
 .text.LTDC_IRQHandler
                0x08001d64       0x14 ./Core/Src/stm32f7xx_it.o
                0x08001d64                LTDC_IRQHandler
 .text.DMA2D_IRQHandler
                0x08001d78       0x14 ./Core/Src/stm32f7xx_it.o
                0x08001d78                DMA2D_IRQHandler
 .text.SystemInit
                0x08001d8c       0x24 ./Core/Src/system_stm32f7xx.o
                0x08001d8c                SystemInit
 .text.Reset_Handler
                0x08001db0       0x50 ./Core/Startup/startup_stm32f746nghx.o
                0x08001db0                Reset_Handler
 .text.Default_Handler
                0x08001e00        0x2 ./Core/Startup/startup_stm32f746nghx.o
                0x08001e00                RTC_Alarm_IRQHandler
                0x08001e00                EXTI2_IRQHandler
                0x08001e00                TIM8_CC_IRQHandler
                0x08001e00                UART8_IRQHandler
                0x08001e00                SPI4_IRQHandler
                0x08001e00                TIM1_CC_IRQHandler
                0x08001e00                DMA2_Stream5_IRQHandler
                0x08001e00                DMA1_Stream5_IRQHandler
                0x08001e00                PVD_IRQHandler
                0x08001e00                TAMP_STAMP_IRQHandler
                0x08001e00                CAN2_RX1_IRQHandler
                0x08001e00                EXTI3_IRQHandler
                0x08001e00                TIM8_TRG_COM_TIM14_IRQHandler
                0x08001e00                TIM1_UP_TIM10_IRQHandler
                0x08001e00                TIM8_UP_TIM13_IRQHandler
                0x08001e00                I2C3_ER_IRQHandler
                0x08001e00                EXTI0_IRQHandler
                0x08001e00                I2C2_EV_IRQHandler
                0x08001e00                DMA1_Stream2_IRQHandler
                0x08001e00                CAN1_RX0_IRQHandler
                0x08001e00                FPU_IRQHandler
                0x08001e00                OTG_HS_WKUP_IRQHandler
                0x08001e00                LTDC_ER_IRQHandler
                0x08001e00                CAN2_SCE_IRQHandler
                0x08001e00                DMA2_Stream2_IRQHandler
                0x08001e00                SPI1_IRQHandler
                0x08001e00                TIM1_BRK_TIM9_IRQHandler
                0x08001e00                DCMI_IRQHandler
                0x08001e00                CAN2_RX0_IRQHandler
                0x08001e00                DMA2_Stream3_IRQHandler
                0x08001e00                SAI2_IRQHandler
                0x08001e00                USART6_IRQHandler
                0x08001e00                USART3_IRQHandler
                0x08001e00                CAN1_RX1_IRQHandler
                0x08001e00                UART5_IRQHandler
                0x08001e00                DMA2_Stream0_IRQHandler
                0x08001e00                TIM4_IRQHandler
                0x08001e00                QUADSPI_IRQHandler
                0x08001e00                I2C1_EV_IRQHandler
                0x08001e00                DMA1_Stream6_IRQHandler
                0x08001e00                DMA1_Stream1_IRQHandler
                0x08001e00                UART4_IRQHandler
                0x08001e00                TIM3_IRQHandler
                0x08001e00                RCC_IRQHandler
                0x08001e00                TIM8_BRK_TIM12_IRQHandler
                0x08001e00                Default_Handler
                0x08001e00                CEC_IRQHandler
                0x08001e00                EXTI15_10_IRQHandler
                0x08001e00                ADC_IRQHandler
                0x08001e00                DMA1_Stream7_IRQHandler
                0x08001e00                SPI5_IRQHandler
                0x08001e00                TIM7_IRQHandler
                0x08001e00                SDMMC1_IRQHandler
                0x08001e00                CAN2_TX_IRQHandler
                0x08001e00                TIM5_IRQHandler
                0x08001e00                DMA2_Stream7_IRQHandler
                0x08001e00                I2C3_EV_IRQHandler
                0x08001e00                EXTI9_5_IRQHandler
                0x08001e00                RTC_WKUP_IRQHandler
                0x08001e00                ETH_WKUP_IRQHandler
                0x08001e00                SPDIF_RX_IRQHandler
                0x08001e00                SPI2_IRQHandler
                0x08001e00                OTG_HS_EP1_IN_IRQHandler
                0x08001e00                DMA1_Stream0_IRQHandler
                0x08001e00                CAN1_TX_IRQHandler
                0x08001e00                EXTI4_IRQHandler
                0x08001e00                RNG_IRQHandler
                0x08001e00                ETH_IRQHandler
                0x08001e00                OTG_HS_EP1_OUT_IRQHandler
                0x08001e00                WWDG_IRQHandler
                0x08001e00                SPI6_IRQHandler
                0x08001e00                I2C4_EV_IRQHandler
                0x08001e00                TIM2_IRQHandler
                0x08001e00                OTG_FS_WKUP_IRQHandler
                0x08001e00                TIM1_TRG_COM_TIM11_IRQHandler
                0x08001e00                OTG_HS_IRQHandler
                0x08001e00                EXTI1_IRQHandler
                0x08001e00                UART7_IRQHandler
                0x08001e00                USART2_IRQHandler
                0x08001e00                I2C2_ER_IRQHandler
                0x08001e00                DMA2_Stream1_IRQHandler
                0x08001e00                CAN1_SCE_IRQHandler
                0x08001e00                FLASH_IRQHandler
                0x08001e00                DMA2_Stream4_IRQHandler
                0x08001e00                USART1_IRQHandler
                0x08001e00                OTG_FS_IRQHandler
                0x08001e00                SPI3_IRQHandler
                0x08001e00                DMA1_Stream4_IRQHandler
                0x08001e00                I2C1_ER_IRQHandler
                0x08001e00                FMC_IRQHandler
                0x08001e00                LPTIM1_IRQHandler
                0x08001e00                I2C4_ER_IRQHandler
                0x08001e00                DMA2_Stream6_IRQHandler
                0x08001e00                SAI1_IRQHandler
                0x08001e00                DMA1_Stream3_IRQHandler
 .text.ft5336_Init
                0x08001e02       0x1c ./Drivers/BSP/Components/ft5336/ft5336.o
                0x08001e02                ft5336_Init
 .text.ft5336_Reset
                0x08001e1e       0x16 ./Drivers/BSP/Components/ft5336/ft5336.o
                0x08001e1e                ft5336_Reset
 .text.ft5336_ReadID
                0x08001e34       0x5a ./Drivers/BSP/Components/ft5336/ft5336.o
                0x08001e34                ft5336_ReadID
 .text.ft5336_TS_Start
                0x08001e8e       0x22 ./Drivers/BSP/Components/ft5336/ft5336.o
                0x08001e8e                ft5336_TS_Start
 .text.ft5336_TS_DetectTouch
                0x08001eb0       0x54 ./Drivers/BSP/Components/ft5336/ft5336.o
                0x08001eb0                ft5336_TS_DetectTouch
 .text.ft5336_TS_GetXY
                0x08001f04      0x1e0 ./Drivers/BSP/Components/ft5336/ft5336.o
                0x08001f04                ft5336_TS_GetXY
 .text.ft5336_TS_EnableIT
                0x080020e4       0x28 ./Drivers/BSP/Components/ft5336/ft5336.o
                0x080020e4                ft5336_TS_EnableIT
 .text.ft5336_TS_DisableIT
                0x0800210c       0x28 ./Drivers/BSP/Components/ft5336/ft5336.o
                0x0800210c                ft5336_TS_DisableIT
 .text.ft5336_TS_ITStatus
                0x08002134       0x18 ./Drivers/BSP/Components/ft5336/ft5336.o
                0x08002134                ft5336_TS_ITStatus
 .text.ft5336_TS_ClearIT
                0x0800214c       0x16 ./Drivers/BSP/Components/ft5336/ft5336.o
                0x0800214c                ft5336_TS_ClearIT
 .text.ft5336_TS_GetGestureID
                0x08002162       0x32 ./Drivers/BSP/Components/ft5336/ft5336.o
                0x08002162                ft5336_TS_GetGestureID
 .text.ft5336_TS_GetTouchInfo
                0x08002194      0x15c ./Drivers/BSP/Components/ft5336/ft5336.o
                0x08002194                ft5336_TS_GetTouchInfo
 .text.ft5336_Get_I2C_InitializedStatus
                0x080022f0       0x18 ./Drivers/BSP/Components/ft5336/ft5336.o
 .text.ft5336_I2C_InitializeIfRequired
                0x08002308       0x20 ./Drivers/BSP/Components/ft5336/ft5336.o
 .text.ft5336_TS_Configure
                0x08002328       0x1c ./Drivers/BSP/Components/ft5336/ft5336.o
 .text.I2Cx_MspInit
                0x08002344      0x160 ./Drivers/BSP/STM32746G-Discovery/stm32746g_discovery.o
 .text.I2Cx_Init
                0x080024a4       0x78 ./Drivers/BSP/STM32746G-Discovery/stm32746g_discovery.o
 .text.I2Cx_ReadMultiple
                0x0800251c       0x5a ./Drivers/BSP/STM32746G-Discovery/stm32746g_discovery.o
 .text.I2Cx_WriteMultiple
                0x08002576       0x5a ./Drivers/BSP/STM32746G-Discovery/stm32746g_discovery.o
 .text.I2Cx_Error
                0x080025d0       0x20 ./Drivers/BSP/STM32746G-Discovery/stm32746g_discovery.o
 .text.TS_IO_Init
                0x080025f0       0x14 ./Drivers/BSP/STM32746G-Discovery/stm32746g_discovery.o
                0x080025f0                TS_IO_Init
 .text.TS_IO_Write
                0x08002604       0x34 ./Drivers/BSP/STM32746G-Discovery/stm32746g_discovery.o
                0x08002604                TS_IO_Write
 .text.TS_IO_Read
                0x08002638       0x3c ./Drivers/BSP/STM32746G-Discovery/stm32746g_discovery.o
                0x08002638                TS_IO_Read
 .text.TS_IO_Delay
                0x08002674       0x16 ./Drivers/BSP/STM32746G-Discovery/stm32746g_discovery.o
                0x08002674                TS_IO_Delay
 *fill*         0x0800268a        0x2 
 .text.BSP_LCD_Init
                0x0800268c       0xe0 ./Drivers/BSP/STM32746G-Discovery/stm32746g_discovery_lcd.o
                0x0800268c                BSP_LCD_Init
 .text.BSP_LCD_GetXSize
                0x0800276c       0x28 ./Drivers/BSP/STM32746G-Discovery/stm32746g_discovery_lcd.o
                0x0800276c                BSP_LCD_GetXSize
 .text.BSP_LCD_GetYSize
                0x08002794       0x28 ./Drivers/BSP/STM32746G-Discovery/stm32746g_discovery_lcd.o
                0x08002794                BSP_LCD_GetYSize
 .text.BSP_LCD_LayerDefaultInit
                0x080027bc       0xc0 ./Drivers/BSP/STM32746G-Discovery/stm32746g_discovery_lcd.o
                0x080027bc                BSP_LCD_LayerDefaultInit
 .text.BSP_LCD_SelectLayer
                0x0800287c       0x20 ./Drivers/BSP/STM32746G-Discovery/stm32746g_discovery_lcd.o
                0x0800287c                BSP_LCD_SelectLayer
 .text.BSP_LCD_SetLayerVisible
                0x0800289c       0x7c ./Drivers/BSP/STM32746G-Discovery/stm32746g_discovery_lcd.o
                0x0800289c                BSP_LCD_SetLayerVisible
 .text.BSP_LCD_SetTextColor
                0x08002918       0x30 ./Drivers/BSP/STM32746G-Discovery/stm32746g_discovery_lcd.o
                0x08002918                BSP_LCD_SetTextColor
 .text.BSP_LCD_SetBackColor
                0x08002948       0x34 ./Drivers/BSP/STM32746G-Discovery/stm32746g_discovery_lcd.o
                0x08002948                BSP_LCD_SetBackColor
 .text.BSP_LCD_SetFont
                0x0800297c       0x34 ./Drivers/BSP/STM32746G-Discovery/stm32746g_discovery_lcd.o
                0x0800297c                BSP_LCD_SetFont
 .text.BSP_LCD_Clear
                0x080029b0       0x50 ./Drivers/BSP/STM32746G-Discovery/stm32746g_discovery_lcd.o
                0x080029b0                BSP_LCD_Clear
 .text.BSP_LCD_DisplayChar
                0x08002a00       0x88 ./Drivers/BSP/STM32746G-Discovery/stm32746g_discovery_lcd.o
                0x08002a00                BSP_LCD_DisplayChar
 .text.BSP_LCD_DisplayStringAt
                0x08002a88      0x190 ./Drivers/BSP/STM32746G-Discovery/stm32746g_discovery_lcd.o
                0x08002a88                BSP_LCD_DisplayStringAt
 .text.BSP_LCD_DrawHLine
                0x08002c18       0xbc ./Drivers/BSP/STM32746G-Discovery/stm32746g_discovery_lcd.o
                0x08002c18                BSP_LCD_DrawHLine
 .text.BSP_LCD_DrawVLine
                0x08002cd4       0xc4 ./Drivers/BSP/STM32746G-Discovery/stm32746g_discovery_lcd.o
                0x08002cd4                BSP_LCD_DrawVLine
 .text.BSP_LCD_DrawRect
                0x08002d98       0x62 ./Drivers/BSP/STM32746G-Discovery/stm32746g_discovery_lcd.o
                0x08002d98                BSP_LCD_DrawRect
 *fill*         0x08002dfa        0x2 
 .text.BSP_LCD_DrawPixel
                0x08002dfc       0x90 ./Drivers/BSP/STM32746G-Discovery/stm32746g_discovery_lcd.o
                0x08002dfc                BSP_LCD_DrawPixel
 .text.BSP_LCD_FillRect
                0x08002e8c       0xf4 ./Drivers/BSP/STM32746G-Discovery/stm32746g_discovery_lcd.o
                0x08002e8c                BSP_LCD_FillRect
 .text.BSP_LCD_MspInit
                0x08002f80      0x1b4 ./Drivers/BSP/STM32746G-Discovery/stm32746g_discovery_lcd.o
                0x08002f80                BSP_LCD_MspInit
 .text.BSP_LCD_ClockConfig
                0x08003134       0x38 ./Drivers/BSP/STM32746G-Discovery/stm32746g_discovery_lcd.o
                0x08003134                BSP_LCD_ClockConfig
 .text.DrawChar
                0x0800316c      0x170 ./Drivers/BSP/STM32746G-Discovery/stm32746g_discovery_lcd.o
 .text.LL_FillBuffer
                0x080032dc       0x98 ./Drivers/BSP/STM32746G-Discovery/stm32746g_discovery_lcd.o
 .text.BSP_SDRAM_Init
                0x08003374       0xbc ./Drivers/BSP/STM32746G-Discovery/stm32746g_discovery_sdram.o
                0x08003374                BSP_SDRAM_Init
 .text.BSP_SDRAM_Initialization_sequence
                0x08003430       0xc0 ./Drivers/BSP/STM32746G-Discovery/stm32746g_discovery_sdram.o
                0x08003430                BSP_SDRAM_Initialization_sequence
 .text.BSP_SDRAM_MspInit
                0x080034f0      0x1f0 ./Drivers/BSP/STM32746G-Discovery/stm32746g_discovery_sdram.o
                0x080034f0                BSP_SDRAM_MspInit
 .text.BSP_TS_Init
                0x080036e0       0x80 ./Drivers/BSP/STM32746G-Discovery/stm32746g_discovery_ts.o
                0x080036e0                BSP_TS_Init
 .text.BSP_TS_GetState
                0x08003760      0x378 ./Drivers/BSP/STM32746G-Discovery/stm32746g_discovery_ts.o
                0x08003760                BSP_TS_GetState
 .text.BSP_TS_Get_GestureId
                0x08003ad8      0x104 ./Drivers/BSP/STM32746G-Discovery/stm32746g_discovery_ts.o
                0x08003ad8                BSP_TS_Get_GestureId
 .text.HAL_Init
                0x08003bdc       0x1a ./Drivers/STM32F7xx_HAL_Driver/Src/stm32f7xx_hal.o
                0x08003bdc                HAL_Init
 *fill*         0x08003bf6        0x2 
 .text.HAL_IncTick
                0x08003bf8       0x28 ./Drivers/STM32F7xx_HAL_Driver/Src/stm32f7xx_hal.o
                0x08003bf8                HAL_IncTick
 .text.HAL_GetTick
                0x08003c20       0x18 ./Drivers/STM32F7xx_HAL_Driver/Src/stm32f7xx_hal.o
                0x08003c20                HAL_GetTick
 .text.HAL_Delay
                0x08003c38       0x48 ./Drivers/STM32F7xx_HAL_Driver/Src/stm32f7xx_hal.o
                0x08003c38                HAL_Delay
 .text.__NVIC_SetPriorityGrouping
                0x08003c80       0x48 ./Drivers/STM32F7xx_HAL_Driver/Src/stm32f7xx_hal_cortex.o
 .text.__NVIC_GetPriorityGrouping
                0x08003cc8       0x1c ./Drivers/STM32F7xx_HAL_Driver/Src/stm32f7xx_hal_cortex.o
 .text.__NVIC_EnableIRQ
                0x08003ce4       0x3c ./Drivers/STM32F7xx_HAL_Driver/Src/stm32f7xx_hal_cortex.o
 .text.__NVIC_SetPriority
                0x08003d20       0x54 ./Drivers/STM32F7xx_HAL_Driver/Src/stm32f7xx_hal_cortex.o
 .text.NVIC_EncodePriority
                0x08003d74       0x66 ./Drivers/STM32F7xx_HAL_Driver/Src/stm32f7xx_hal_cortex.o
 .text.HAL_NVIC_SetPriorityGrouping
                0x08003dda       0x16 ./Drivers/STM32F7xx_HAL_Driver/Src/stm32f7xx_hal_cortex.o
                0x08003dda                HAL_NVIC_SetPriorityGrouping
 .text.HAL_NVIC_SetPriority
                0x08003df0       0x38 ./Drivers/STM32F7xx_HAL_Driver/Src/stm32f7xx_hal_cortex.o
                0x08003df0                HAL_NVIC_SetPriority
 .text.HAL_NVIC_EnableIRQ
                0x08003e28       0x1c ./Drivers/STM32F7xx_HAL_Driver/Src/stm32f7xx_hal_cortex.o
                0x08003e28                HAL_NVIC_EnableIRQ
 .text.HAL_MPU_Disable
                0x08003e44       0x30 ./Drivers/STM32F7xx_HAL_Driver/Src/stm32f7xx_hal_cortex.o
                0x08003e44                HAL_MPU_Disable
 .text.HAL_MPU_Enable
                0x08003e74       0x40 ./Drivers/STM32F7xx_HAL_Driver/Src/stm32f7xx_hal_cortex.o
                0x08003e74                HAL_MPU_Enable
 .text.HAL_MPU_ConfigRegion
                0x08003eb4       0x80 ./Drivers/STM32F7xx_HAL_Driver/Src/stm32f7xx_hal_cortex.o
                0x08003eb4                HAL_MPU_ConfigRegion
 .text.HAL_CRC_Init
                0x08003f34       0xc8 ./Drivers/STM32F7xx_HAL_Driver/Src/stm32f7xx_hal_crc.o
                0x08003f34                HAL_CRC_Init
 .text.HAL_CRCEx_Polynomial_Set
                0x08003ffc      0x11c ./Drivers/STM32F7xx_HAL_Driver/Src/stm32f7xx_hal_crc_ex.o
                0x08003ffc                HAL_CRCEx_Polynomial_Set
 .text.HAL_DMA_Init
                0x08004118      0x15c ./Drivers/STM32F7xx_HAL_Driver/Src/stm32f7xx_hal_dma.o
                0x08004118                HAL_DMA_Init
 .text.HAL_DMA_DeInit
                0x08004274       0xbc ./Drivers/STM32F7xx_HAL_Driver/Src/stm32f7xx_hal_dma.o
                0x08004274                HAL_DMA_DeInit
 .text.DMA_CalcBaseAndBitshift
                0x08004330       0x6c ./Drivers/STM32F7xx_HAL_Driver/Src/stm32f7xx_hal_dma.o
 .text.DMA_CheckFifoParam
                0x0800439c       0xf8 ./Drivers/STM32F7xx_HAL_Driver/Src/stm32f7xx_hal_dma.o
 .text.HAL_DMA2D_Init
                0x08004494       0x94 ./Drivers/STM32F7xx_HAL_Driver/Src/stm32f7xx_hal_dma2d.o
                0x08004494                HAL_DMA2D_Init
 .text.HAL_DMA2D_Start
                0x08004528       0x56 ./Drivers/STM32F7xx_HAL_Driver/Src/stm32f7xx_hal_dma2d.o
                0x08004528                HAL_DMA2D_Start
 .text.HAL_DMA2D_PollForTransfer
                0x0800457e      0x1d2 ./Drivers/STM32F7xx_HAL_Driver/Src/stm32f7xx_hal_dma2d.o
                0x0800457e                HAL_DMA2D_PollForTransfer
 .text.HAL_DMA2D_IRQHandler
                0x08004750      0x1f8 ./Drivers/STM32F7xx_HAL_Driver/Src/stm32f7xx_hal_dma2d.o
                0x08004750                HAL_DMA2D_IRQHandler
 .text.HAL_DMA2D_LineEventCallback
                0x08004948       0x14 ./Drivers/STM32F7xx_HAL_Driver/Src/stm32f7xx_hal_dma2d.o
                0x08004948                HAL_DMA2D_LineEventCallback
 .text.HAL_DMA2D_CLUTLoadingCpltCallback
                0x0800495c       0x14 ./Drivers/STM32F7xx_HAL_Driver/Src/stm32f7xx_hal_dma2d.o
                0x0800495c                HAL_DMA2D_CLUTLoadingCpltCallback
 .text.HAL_DMA2D_ConfigLayer
                0x08004970      0x124 ./Drivers/STM32F7xx_HAL_Driver/Src/stm32f7xx_hal_dma2d.o
                0x08004970                HAL_DMA2D_ConfigLayer
 .text.DMA2D_SetConfig
                0x08004a94      0x138 ./Drivers/STM32F7xx_HAL_Driver/Src/stm32f7xx_hal_dma2d.o
 .text.HAL_GPIO_Init
                0x08004bcc      0x358 ./Drivers/STM32F7xx_HAL_Driver/Src/stm32f7xx_hal_gpio.o
                0x08004bcc                HAL_GPIO_Init
 .text.HAL_GPIO_DeInit
                0x08004f24      0x218 ./Drivers/STM32F7xx_HAL_Driver/Src/stm32f7xx_hal_gpio.o
                0x08004f24                HAL_GPIO_DeInit
 .text.HAL_GPIO_WritePin
                0x0800513c       0x32 ./Drivers/STM32F7xx_HAL_Driver/Src/stm32f7xx_hal_gpio.o
                0x0800513c                HAL_GPIO_WritePin
 *fill*         0x0800516e        0x2 
 .text.HAL_I2C_Init
                0x08005170      0x138 ./Drivers/STM32F7xx_HAL_Driver/Src/stm32f7xx_hal_i2c.o
                0x08005170                HAL_I2C_Init
 .text.HAL_I2C_DeInit
                0x080052a8       0x5e ./Drivers/STM32F7xx_HAL_Driver/Src/stm32f7xx_hal_i2c.o
                0x080052a8                HAL_I2C_DeInit
 *fill*         0x08005306        0x2 
 .text.HAL_I2C_Mem_Write
                0x08005308      0x228 ./Drivers/STM32F7xx_HAL_Driver/Src/stm32f7xx_hal_i2c.o
                0x08005308                HAL_I2C_Mem_Write
 .text.HAL_I2C_Mem_Read
                0x08005530      0x234 ./Drivers/STM32F7xx_HAL_Driver/Src/stm32f7xx_hal_i2c.o
                0x08005530                HAL_I2C_Mem_Read
 .text.HAL_I2C_GetState
                0x08005764       0x1c ./Drivers/STM32F7xx_HAL_Driver/Src/stm32f7xx_hal_i2c.o
                0x08005764                HAL_I2C_GetState
 .text.I2C_RequestMemoryWrite
                0x08005780       0xa8 ./Drivers/STM32F7xx_HAL_Driver/Src/stm32f7xx_hal_i2c.o
 .text.I2C_RequestMemoryRead
                0x08005828       0xa8 ./Drivers/STM32F7xx_HAL_Driver/Src/stm32f7xx_hal_i2c.o
 .text.I2C_Flush_TXDR
                0x080058d0       0x48 ./Drivers/STM32F7xx_HAL_Driver/Src/stm32f7xx_hal_i2c.o
 .text.I2C_WaitOnFlagUntilTimeout
                0x08005918       0xb2 ./Drivers/STM32F7xx_HAL_Driver/Src/stm32f7xx_hal_i2c.o
 .text.I2C_WaitOnTXISFlagUntilTimeout
                0x080059ca       0x8e ./Drivers/STM32F7xx_HAL_Driver/Src/stm32f7xx_hal_i2c.o
 .text.I2C_WaitOnSTOPFlagUntilTimeout
                0x08005a58       0x86 ./Drivers/STM32F7xx_HAL_Driver/Src/stm32f7xx_hal_i2c.o
 *fill*         0x08005ade        0x2 
 .text.I2C_IsErrorOccurred
                0x08005ae0      0x1c0 ./Drivers/STM32F7xx_HAL_Driver/Src/stm32f7xx_hal_i2c.o
 .text.I2C_TransferConfig
                0x08005ca0       0x64 ./Drivers/STM32F7xx_HAL_Driver/Src/stm32f7xx_hal_i2c.o
 .text.HAL_I2CEx_ConfigAnalogFilter
                0x08005d04       0x96 ./Drivers/STM32F7xx_HAL_Driver/Src/stm32f7xx_hal_i2c_ex.o
                0x08005d04                HAL_I2CEx_ConfigAnalogFilter
 .text.HAL_I2CEx_ConfigDigitalFilter
                0x08005d9a       0x98 ./Drivers/STM32F7xx_HAL_Driver/Src/stm32f7xx_hal_i2c_ex.o
                0x08005d9a                HAL_I2CEx_ConfigDigitalFilter
 .text.HAL_LTDC_Init
                0x08005e32      0x13a ./Drivers/STM32F7xx_HAL_Driver/Src/stm32f7xx_hal_ltdc.o
                0x08005e32                HAL_LTDC_Init
 .text.HAL_LTDC_IRQHandler
                0x08005f6c      0x148 ./Drivers/STM32F7xx_HAL_Driver/Src/stm32f7xx_hal_ltdc.o
                0x08005f6c                HAL_LTDC_IRQHandler
 .text.HAL_LTDC_ErrorCallback
                0x080060b4       0x14 ./Drivers/STM32F7xx_HAL_Driver/Src/stm32f7xx_hal_ltdc.o
                0x080060b4                HAL_LTDC_ErrorCallback
 .text.HAL_LTDC_LineEventCallback
                0x080060c8       0x14 ./Drivers/STM32F7xx_HAL_Driver/Src/stm32f7xx_hal_ltdc.o
                0x080060c8                HAL_LTDC_LineEventCallback
 .text.HAL_LTDC_ReloadEventCallback
                0x080060dc       0x14 ./Drivers/STM32F7xx_HAL_Driver/Src/stm32f7xx_hal_ltdc.o
                0x080060dc                HAL_LTDC_ReloadEventCallback
 .text.HAL_LTDC_ConfigLayer
                0x080060f0       0x7c ./Drivers/STM32F7xx_HAL_Driver/Src/stm32f7xx_hal_ltdc.o
                0x080060f0                HAL_LTDC_ConfigLayer
 .text.HAL_LTDC_GetState
                0x0800616c       0x1c ./Drivers/STM32F7xx_HAL_Driver/Src/stm32f7xx_hal_ltdc.o
                0x0800616c                HAL_LTDC_GetState
 .text.LTDC_SetConfig
                0x08006188      0x2ec ./Drivers/STM32F7xx_HAL_Driver/Src/stm32f7xx_hal_ltdc.o
 .text.HAL_PWR_EnableBkUpAccess
                0x08006474       0x20 ./Drivers/STM32F7xx_HAL_Driver/Src/stm32f7xx_hal_pwr.o
                0x08006474                HAL_PWR_EnableBkUpAccess
 .text.HAL_PWREx_EnableOverDrive
                0x08006494       0xa0 ./Drivers/STM32F7xx_HAL_Driver/Src/stm32f7xx_hal_pwr_ex.o
                0x08006494                HAL_PWREx_EnableOverDrive
 .text.HAL_RCC_OscConfig
                0x08006534      0x548 ./Drivers/STM32F7xx_HAL_Driver/Src/stm32f7xx_hal_rcc.o
                0x08006534                HAL_RCC_OscConfig
 .text.HAL_RCC_ClockConfig
                0x08006a7c      0x1d8 ./Drivers/STM32F7xx_HAL_Driver/Src/stm32f7xx_hal_rcc.o
                0x08006a7c                HAL_RCC_ClockConfig
 .text.HAL_RCC_GetSysClockFreq
                0x08006c54      0x18c ./Drivers/STM32F7xx_HAL_Driver/Src/stm32f7xx_hal_rcc.o
                0x08006c54                HAL_RCC_GetSysClockFreq
 .text.HAL_RCC_GetHCLKFreq
                0x08006de0       0x18 ./Drivers/STM32F7xx_HAL_Driver/Src/stm32f7xx_hal_rcc.o
                0x08006de0                HAL_RCC_GetHCLKFreq
 .text.HAL_RCC_GetPCLK1Freq
                0x08006df8       0x28 ./Drivers/STM32F7xx_HAL_Driver/Src/stm32f7xx_hal_rcc.o
                0x08006df8                HAL_RCC_GetPCLK1Freq
 .text.HAL_RCC_GetClockConfig
                0x08006e20       0x64 ./Drivers/STM32F7xx_HAL_Driver/Src/stm32f7xx_hal_rcc.o
                0x08006e20                HAL_RCC_GetClockConfig
 .text.HAL_RCCEx_PeriphCLKConfig
                0x08006e84      0x7e0 ./Drivers/STM32F7xx_HAL_Driver/Src/stm32f7xx_hal_rcc_ex.o
                0x08006e84                HAL_RCCEx_PeriphCLKConfig
 .text.HAL_SDRAM_Init
                0x08007664       0x68 ./Drivers/STM32F7xx_HAL_Driver/Src/stm32f7xx_hal_sdram.o
                0x08007664                HAL_SDRAM_Init
 .text.HAL_SDRAM_SendCommand
                0x080076cc       0x6a ./Drivers/STM32F7xx_HAL_Driver/Src/stm32f7xx_hal_sdram.o
                0x080076cc                HAL_SDRAM_SendCommand
 .text.HAL_SDRAM_ProgramRefreshRate
                0x08007736       0x50 ./Drivers/STM32F7xx_HAL_Driver/Src/stm32f7xx_hal_sdram.o
                0x08007736                HAL_SDRAM_ProgramRefreshRate
 .text.HAL_TIM_Base_Init
                0x08007786       0xae ./Drivers/STM32F7xx_HAL_Driver/Src/stm32f7xx_hal_tim.o
                0x08007786                HAL_TIM_Base_Init
 .text.HAL_TIM_Base_MspInit
                0x08007834       0x14 ./Drivers/STM32F7xx_HAL_Driver/Src/stm32f7xx_hal_tim.o
                0x08007834                HAL_TIM_Base_MspInit
 .text.HAL_TIM_Base_Start_IT
                0x08007848       0xf0 ./Drivers/STM32F7xx_HAL_Driver/Src/stm32f7xx_hal_tim.o
                0x08007848                HAL_TIM_Base_Start_IT
 .text.HAL_TIM_IRQHandler
                0x08007938      0x20e ./Drivers/STM32F7xx_HAL_Driver/Src/stm32f7xx_hal_tim.o
                0x08007938                HAL_TIM_IRQHandler
 .text.HAL_TIM_OC_DelayElapsedCallback
                0x08007b46       0x14 ./Drivers/STM32F7xx_HAL_Driver/Src/stm32f7xx_hal_tim.o
                0x08007b46                HAL_TIM_OC_DelayElapsedCallback
 .text.HAL_TIM_IC_CaptureCallback
                0x08007b5a       0x14 ./Drivers/STM32F7xx_HAL_Driver/Src/stm32f7xx_hal_tim.o
                0x08007b5a                HAL_TIM_IC_CaptureCallback
 .text.HAL_TIM_PWM_PulseFinishedCallback
                0x08007b6e       0x14 ./Drivers/STM32F7xx_HAL_Driver/Src/stm32f7xx_hal_tim.o
                0x08007b6e                HAL_TIM_PWM_PulseFinishedCallback
 .text.HAL_TIM_TriggerCallback
                0x08007b82       0x14 ./Drivers/STM32F7xx_HAL_Driver/Src/stm32f7xx_hal_tim.o
                0x08007b82                HAL_TIM_TriggerCallback
 *fill*         0x08007b96        0x2 
 .text.TIM_Base_SetConfig
                0x08007b98      0x14c ./Drivers/STM32F7xx_HAL_Driver/Src/stm32f7xx_hal_tim.o
                0x08007b98                TIM_Base_SetConfig
 .text.HAL_TIMEx_CommutCallback
                0x08007ce4       0x14 ./Drivers/STM32F7xx_HAL_Driver/Src/stm32f7xx_hal_tim_ex.o
                0x08007ce4                HAL_TIMEx_CommutCallback
 .text.HAL_TIMEx_BreakCallback
                0x08007cf8       0x14 ./Drivers/STM32F7xx_HAL_Driver/Src/stm32f7xx_hal_tim_ex.o
                0x08007cf8                HAL_TIMEx_BreakCallback
 .text.HAL_TIMEx_Break2Callback
                0x08007d0c       0x14 ./Drivers/STM32F7xx_HAL_Driver/Src/stm32f7xx_hal_tim_ex.o
                0x08007d0c                HAL_TIMEx_Break2Callback
 .text.FMC_SDRAM_Init
                0x08007d20       0xb8 ./Drivers/STM32F7xx_HAL_Driver/Src/stm32f7xx_ll_fmc.o
                0x08007d20                FMC_SDRAM_Init
 .text.FMC_SDRAM_Timing_Init
                0x08007dd8       0xd4 ./Drivers/STM32F7xx_HAL_Driver/Src/stm32f7xx_ll_fmc.o
                0x08007dd8                FMC_SDRAM_Timing_Init
 .text.FMC_SDRAM_SendCommand
                0x08007eac       0x48 ./Drivers/STM32F7xx_HAL_Driver/Src/stm32f7xx_ll_fmc.o
                0x08007eac                FMC_SDRAM_SendCommand
 .text.FMC_SDRAM_ProgramRefreshRate
                0x08007ef4       0x30 ./Drivers/STM32F7xx_HAL_Driver/Src/stm32f7xx_ll_fmc.o
                0x08007ef4                FMC_SDRAM_ProgramRefreshRate
 .text.memset   0x08007f24       0x10 C:/ST/STM32CubeIDE_2.0.0/STM32CubeIDE/plugins/com.st.stm32cube.ide.mcu.externaltools.gnu-tools-for-stm32.13.3.rel1.win32_1.0.100.202509120712/tools/bin/../lib/gcc/arm-none-eabi/13.3.1/../../../../arm-none-eabi/lib/thumb/v7e-m+fp/hard\libc_nano.a(libc_a-memset.o)
                0x08007f24                memset
 .text.__libc_init_array
                0x08007f34       0x48 C:/ST/STM32CubeIDE_2.0.0/STM32CubeIDE/plugins/com.st.stm32cube.ide.mcu.externaltools.gnu-tools-for-stm32.13.3.rel1.win32_1.0.100.202509120712/tools/bin/../lib/gcc/arm-none-eabi/13.3.1/../../../../arm-none-eabi/lib/thumb/v7e-m+fp/hard\libc_nano.a(libc_a-init.o)
                0x08007f34                __libc_init_array
 *(.glue_7)
 .glue_7        0x08007f7c        0x0 linker stubs
 *(.glue_7t)
 .glue_7t       0x08007f7c        0x0 linker stubs
 *(.eh_frame)
 .eh_frame      0x08007f7c        0x0 C:/ST/STM32CubeIDE_2.0.0/STM32CubeIDE/plugins/com.st.stm32cube.ide.mcu.externaltools.gnu-tools-for-stm32.13.3.rel1.win32_1.0.100.202509120712/tools/bin/../lib/gcc/arm-none-eabi/13.3.1/thumb/v7e-m+fp/hard/crtbegin.o
 *(.init)
 .init          0x08007f7c        0x4 C:/ST/STM32CubeIDE_2.0.0/STM32CubeIDE/plugins/com.st.stm32cube.ide.mcu.externaltools.gnu-tools-for-stm32.13.3.rel1.win32_1.0.100.202509120712/tools/bin/../lib/gcc/arm-none-eabi/13.3.1/thumb/v7e-m+fp/hard/crti.o
                0x08007f7c                _init
 .init          0x08007f80        0x8 C:/ST/STM32CubeIDE_2.0.0/STM32CubeIDE/plugins/com.st.stm32cube.ide.mcu.externaltools.gnu-tools-for-stm32.13.3.rel1.win32_1.0.100.202509120712/tools/bin/../lib/gcc/arm-none-eabi/13.3.1/thumb/v7e-m+fp/hard/crtn.o
 *(.fini)
 .fini          0x08007f88        0x4 C:/ST/STM32CubeIDE_2.0.0/STM32CubeIDE/plugins/com.st.stm32cube.ide.mcu.externaltools.gnu-tools-for-stm32.13.3.rel1.win32_1.0.100.202509120712/tools/bin/../lib/gcc/arm-none-eabi/13.3.1/thumb/v7e-m+fp/hard/crti.o
                0x08007f88                _fini
 .fini          0x08007f8c        0x8 C:/ST/STM32CubeIDE_2.0.0/STM32CubeIDE/plugins/com.st.stm32cube.ide.mcu.externaltools.gnu-tools-for-stm32.13.3.rel1.win32_1.0.100.202509120712/tools/bin/../lib/gcc/arm-none-eabi/13.3.1/thumb/v7e-m+fp/hard/crtn.o
                0x08007f94                        . = ALIGN (0x4)
                0x08007f94                        _etext = .

.vfp11_veneer   0x08007f94        0x0
 .vfp11_veneer  0x08007f94        0x0 linker stubs

.v4_bx          0x08007f94        0x0
 .v4_bx         0x08007f94        0x0 linker stubs

.iplt           0x08007f94        0x0
 .iplt          0x08007f94        0x0 C:/ST/STM32CubeIDE_2.0.0/STM32CubeIDE/plugins/com.st.stm32cube.ide.mcu.externaltools.gnu-tools-for-stm32.13.3.rel1.win32_1.0.100.202509120712/tools/bin/../lib/gcc/arm-none-eabi/13.3.1/thumb/v7e-m+fp/hard/crtbegin.o

.rodata         0x08007f94     0x3ac4
                0x08007f94                        . = ALIGN (0x4)
 *(.rodata)
 .rodata        0x08007f94       0xbe ./Core/Src/main.o
 *(.rodata*)
 *fill*         0x08008052        0x2 
 .rodata.AHBPrescTable
                0x08008054       0x10 ./Core/Src/system_stm32f7xx.o
                0x08008054                AHBPrescTable
 .rodata.APBPrescTable
                0x08008064        0x8 ./Core/Src/system_stm32f7xx.o
                0x08008064                APBPrescTable
 .rodata.Font12_Table
                0x0800806c      0x474 ./Drivers/BSP/Utilities/Fonts/font12.o
                0x0800806c                Font12_Table
 .rodata.Font16_Table
                0x080084e0      0xbe0 ./Drivers/BSP/Utilities/Fonts/font16.o
                0x080084e0                Font16_Table
 .rodata.Font20_Table
                0x080090c0      0xed8 ./Drivers/BSP/Utilities/Fonts/font20.o
                0x080090c0                Font20_Table
 .rodata.Font24_Table
                0x08009f98     0x1ab8 ./Drivers/BSP/Utilities/Fonts/font24.o
                0x08009f98                Font24_Table
 .rodata.flagBitshiftOffset.0
                0x0800ba50        0x8 ./Drivers/STM32F7xx_HAL_Driver/Src/stm32f7xx_hal_dma.o
                0x0800ba58                        . = ALIGN (0x4)

.ARM.extab      0x0800ba58        0x0
                0x0800ba58                        . = ALIGN (0x4)
 *(.ARM.extab* .gnu.linkonce.armextab.*)
                0x0800ba58                        . = ALIGN (0x4)

.ARM            0x0800ba58        0x8
                0x0800ba58                        . = ALIGN (0x4)
                0x0800ba58                        __exidx_start = .
 *(.ARM.exidx*)
 .ARM.exidx     0x0800ba58        0x8 C:/ST/STM32CubeIDE_2.0.0/STM32CubeIDE/plugins/com.st.stm32cube.ide.mcu.externaltools.gnu-tools-for-stm32.13.3.rel1.win32_1.0.100.202509120712/tools/bin/../lib/gcc/arm-none-eabi/13.3.1/thumb/v7e-m+fp/hard\libgcc.a(_udivmoddi4.o)
                0x0800ba60                        __exidx_end = .
                0x0800ba60                        . = ALIGN (0x4)

.preinit_array  0x0800ba60        0x0
                0x0800ba60                        . = ALIGN (0x4)
                0x0800ba60                        PROVIDE (__preinit_array_start = .)
 *(.preinit_array*)
                0x0800ba60                        PROVIDE (__preinit_array_end = .)
                0x0800ba60                        . = ALIGN (0x4)

.init_array     0x0800ba60        0x4
                0x0800ba60                        . = ALIGN (0x4)
                0x0800ba60                        PROVIDE (__init_array_start = .)
 *(SORT_BY_NAME(.init_array.*))
 *(.init_array*)
 .init_array    0x0800ba60        0x4 C:/ST/STM32CubeIDE_2.0.0/STM32CubeIDE/plugins/com.st.stm32cube.ide.mcu.externaltools.gnu-tools-for-stm32.13.3.rel1.win32_1.0.100.202509120712/tools/bin/../lib/gcc/arm-none-eabi/13.3.1/thumb/v7e-m+fp/hard/crtbegin.o
                0x0800ba64                        PROVIDE (__init_array_end = .)
                0x0800ba64                        . = ALIGN (0x4)

.fini_array     0x0800ba64        0x4
                0x0800ba64                        . = ALIGN (0x4)
                [!provide]                        PROVIDE (__fini_array_start = .)
 *(SORT_BY_NAME(.fini_array.*))
 *(.fini_array*)
 .fini_array    0x0800ba64        0x4 C:/ST/STM32CubeIDE_2.0.0/STM32CubeIDE/plugins/com.st.stm32cube.ide.mcu.externaltools.gnu-tools-for-stm32.13.3.rel1.win32_1.0.100.202509120712/tools/bin/../lib/gcc/arm-none-eabi/13.3.1/thumb/v7e-m+fp/hard/crtbegin.o
                [!provide]                        PROVIDE (__fini_array_end = .)
                0x0800ba68                        . = ALIGN (0x4)
                0x0800ba68                        _sidata = LOADADDR (.data)

.rel.dyn        0x0800ba68        0x0
 .rel.iplt      0x0800ba68        0x0 C:/ST/STM32CubeIDE_2.0.0/STM32CubeIDE/plugins/com.st.stm32cube.ide.mcu.externaltools.gnu-tools-for-stm32.13.3.rel1.win32_1.0.100.202509120712/tools/bin/../lib/gcc/arm-none-eabi/13.3.1/thumb/v7e-m+fp/hard/crtbegin.o

.data           0x20000000       0x58 load address 0x0800ba68
                0x20000000                        . = ALIGN (0x4)
                0x20000000                        _sdata = .
 *(.data)
 *(.data*)
 .data.SystemCoreClock
                0x20000000        0x4 ./Core/Src/system_stm32f7xx.o
                0x20000000                SystemCoreClock
 .data.ft5336_ts_drv
                0x20000004       0x28 ./Drivers/BSP/Components/ft5336/ft5336.o
                0x20000004                ft5336_ts_drv
 .data.sdramstatus.3
                0x2000002c        0x1 ./Drivers/BSP/STM32746G-Discovery/stm32746g_discovery_sdram.o
 *fill*         0x2000002d        0x3 
 .data.Font12   0x20000030        0x8 ./Drivers/BSP/Utilities/Fonts/font12.o
                0x20000030                Font12
 .data.Font16   0x20000038        0x8 ./Drivers/BSP/Utilities/Fonts/font16.o
                0x20000038                Font16
 .data.Font20   0x20000040        0x8 ./Drivers/BSP/Utilities/Fonts/font20.o
                0x20000040                Font20
 .data.Font24   0x20000048        0x8 ./Drivers/BSP/Utilities/Fonts/font24.o
                0x20000048                Font24
 .data.uwTickPrio
                0x20000050        0x4 ./Drivers/STM32F7xx_HAL_Driver/Src/stm32f7xx_hal.o
                0x20000050                uwTickPrio
 .data.uwTickFreq
                0x20000054        0x1 ./Drivers/STM32F7xx_HAL_Driver/Src/stm32f7xx_hal.o
                0x20000054                uwTickFreq
 *(.RamFunc)
 *(.RamFunc*)
                0x20000058                        . = ALIGN (0x4)
 *fill*         0x20000055        0x3 
                0x20000058                        _edata = .

.igot.plt       0x20000058        0x0 load address 0x0800bac0
 .igot.plt      0x20000058        0x0 C:/ST/STM32CubeIDE_2.0.0/STM32CubeIDE/plugins/com.st.stm32cube.ide.mcu.externaltools.gnu-tools-for-stm32.13.3.rel1.win32_1.0.100.202509120712/tools/bin/../lib/gcc/arm-none-eabi/13.3.1/thumb/v7e-m+fp/hard/crtbegin.o
                0x20000058                        . = ALIGN (0x4)

.bss            0x20000058      0x4e0 load address 0x0800bac0
                0x20000058                        _sbss = .
                0x20000058                        __bss_start__ = _sbss
 *(.bss)
 .bss           0x20000058       0x1c C:/ST/STM32CubeIDE_2.0.0/STM32CubeIDE/plugins/com.st.stm32cube.ide.mcu.externaltools.gnu-tools-for-stm32.13.3.rel1.win32_1.0.100.202509120712/tools/bin/../lib/gcc/arm-none-eabi/13.3.1/thumb/v7e-m+fp/hard/crtbegin.o
 *(.bss*)
 .bss.hcrc      0x20000074       0x24 ./Core/Src/main.o
                0x20000074                hcrc
 .bss.hdma2d    0x20000098       0x40 ./Core/Src/main.o
                0x20000098                hdma2d
 .bss.hi2c1     0x200000d8       0x54 ./Core/Src/main.o
                0x200000d8                hi2c1
 .bss.hltdc     0x2000012c       0xa8 ./Core/Src/main.o
                0x2000012c                hltdc
 .bss.hsdram1   0x200001d4       0x34 ./Core/Src/main.o
                0x200001d4                hsdram1
 .bss.isDarkMode
                0x20000208        0x1 ./Core/Src/main.o
 *fill*         0x20000209        0x3 
 .bss.FMC_Initialized
                0x2000020c        0x4 ./Core/Src/stm32f7xx_hal_msp.o
 .bss.htim6     0x20000210       0x4c ./Core/Src/stm32f7xx_hal_timebase_tim.o
                0x20000210                htim6
 .bss.ft5336_handle
                0x2000025c        0x3 ./Drivers/BSP/Components/ft5336/ft5336.o
 *fill*         0x2000025f        0x1 
 .bss.coord.0   0x20000260        0x2 ./Drivers/BSP/Components/ft5336/ft5336.o
 *fill*         0x20000262        0x2 
 .bss.hI2cAudioHandler
                0x20000264       0x54 ./Drivers/BSP/STM32746G-Discovery/stm32746g_discovery.o
 .bss.hLtdcHandler
                0x200002b8       0xa8 ./Drivers/BSP/STM32746G-Discovery/stm32746g_discovery_lcd.o
                0x200002b8                hLtdcHandler
 .bss.hDma2dHandler
                0x20000360       0x40 ./Drivers/BSP/STM32746G-Discovery/stm32746g_discovery_lcd.o
 .bss.ActiveLayer
                0x200003a0        0x4 ./Drivers/BSP/STM32746G-Discovery/stm32746g_discovery_lcd.o
 .bss.DrawProp  0x200003a4       0x18 ./Drivers/BSP/STM32746G-Discovery/stm32746g_discovery_lcd.o
 .bss.periph_clk_init_struct.0
                0x200003bc       0x84 ./Drivers/BSP/STM32746G-Discovery/stm32746g_discovery_lcd.o
 .bss.sdramHandle
                0x20000440       0x34 ./Drivers/BSP/STM32746G-Discovery/stm32746g_discovery_sdram.o
                0x20000440                sdramHandle
 .bss.Timing    0x20000474       0x1c ./Drivers/BSP/STM32746G-Discovery/stm32746g_discovery_sdram.o
 .bss.Command   0x20000490       0x10 ./Drivers/BSP/STM32746G-Discovery/stm32746g_discovery_sdram.o
 .bss.dma_handle.1
                0x200004a0       0x60 ./Drivers/BSP/STM32746G-Discovery/stm32746g_discovery_sdram.o
 .bss.tsDriver  0x20000500        0x4 ./Drivers/BSP/STM32746G-Discovery/stm32746g_discovery_ts.o
 .bss.tsXBoundary
                0x20000504        0x2 ./Drivers/BSP/STM32746G-Discovery/stm32746g_discovery_ts.o
 .bss.tsYBoundary
                0x20000506        0x2 ./Drivers/BSP/STM32746G-Discovery/stm32746g_discovery_ts.o
 .bss.tsOrientation
                0x20000508        0x1 ./Drivers/BSP/STM32746G-Discovery/stm32746g_discovery_ts.o
 .bss.I2cAddress
                0x20000509        0x1 ./Drivers/BSP/STM32746G-Discovery/stm32746g_discovery_ts.o
 *fill*         0x2000050a        0x2 
 .bss._x.1      0x2000050c       0x14 ./Drivers/BSP/STM32746G-Discovery/stm32746g_discovery_ts.o
 .bss._y.0      0x20000520       0x14 ./Drivers/BSP/STM32746G-Discovery/stm32746g_discovery_ts.o
 .bss.uwTick    0x20000534        0x4 ./Drivers/STM32F7xx_HAL_Driver/Src/stm32f7xx_hal.o
                0x20000534                uwTick
 *(COMMON)
                0x20000538                        . = ALIGN (0x4)
                0x20000538                        _ebss = .
                0x20000538                        __bss_end__ = _ebss

._user_heap_stack
                0x20000538      0x600 load address 0x0800bac0
                0x20000538                        . = ALIGN (0x8)
                [!provide]                        PROVIDE (end = .)
                0x20000538                        PROVIDE (_end = .)
                0x20000738                        . = (. + _Min_Heap_Size)
 *fill*         0x20000538      0x200 
                0x20000b38                        . = (. + _Min_Stack_Size)
 *fill*         0x20000738      0x400 
                0x20000b38                        . = ALIGN (0x8)

/DISCARD/
 libc.a(*)
 libm.a(*)
 libgcc.a(*)

.ARM.attributes
                0x00000000       0x30
 *(.ARM.attributes)
 .ARM.attributes
                0x00000000       0x22 C:/ST/STM32CubeIDE_2.0.0/STM32CubeIDE/plugins/com.st.stm32cube.ide.mcu.externaltools.gnu-tools-for-stm32.13.3.rel1.win32_1.0.100.202509120712/tools/bin/../lib/gcc/arm-none-eabi/13.3.1/thumb/v7e-m+fp/hard/crti.o
 .ARM.attributes
                0x00000022       0x34 C:/ST/STM32CubeIDE_2.0.0/STM32CubeIDE/plugins/com.st.stm32cube.ide.mcu.externaltools.gnu-tools-for-stm32.13.3.rel1.win32_1.0.100.202509120712/tools/bin/../lib/gcc/arm-none-eabi/13.3.1/thumb/v7e-m+fp/hard/crtbegin.o
 .ARM.attributes
                0x00000056       0x34 ./Core/Src/main.o
 .ARM.attributes
                0x0000008a       0x34 ./Core/Src/stm32f7xx_hal_msp.o
 .ARM.attributes
                0x000000be       0x34 ./Core/Src/stm32f7xx_hal_timebase_tim.o
 .ARM.attributes
                0x000000f2       0x34 ./Core/Src/stm32f7xx_it.o
 .ARM.attributes
                0x00000126       0x34 ./Core/Src/system_stm32f7xx.o
 .ARM.attributes
                0x0000015a       0x21 ./Core/Startup/startup_stm32f746nghx.o
 .ARM.attributes
                0x0000017b       0x34 ./Drivers/BSP/Components/ft5336/ft5336.o
 .ARM.attributes
                0x000001af       0x34 ./Drivers/BSP/STM32746G-Discovery/stm32746g_discovery.o
 .ARM.attributes
                0x000001e3       0x34 ./Drivers/BSP/STM32746G-Discovery/stm32746g_discovery_lcd.o
 .ARM.attributes
                0x00000217       0x34 ./Drivers/BSP/STM32746G-Discovery/stm32746g_discovery_sdram.o
 .ARM.attributes
                0x0000024b       0x34 ./Drivers/BSP/STM32746G-Discovery/stm32746g_discovery_ts.o
 .ARM.attributes
                0x0000027f       0x34 ./Drivers/BSP/Utilities/Fonts/font12.o
 .ARM.attributes
                0x000002b3       0x34 ./Drivers/BSP/Utilities/Fonts/font16.o
 .ARM.attributes
                0x000002e7       0x34 ./Drivers/BSP/Utilities/Fonts/font20.o
 .ARM.attributes
                0x0000031b       0x34 ./Drivers/BSP/Utilities/Fonts/font24.o
 .ARM.attributes
                0x0000034f       0x34 ./Drivers/STM32F7xx_HAL_Driver/Src/stm32f7xx_hal.o
 .ARM.attributes
                0x00000383       0x34 ./Drivers/STM32F7xx_HAL_Driver/Src/stm32f7xx_hal_cortex.o
 .ARM.attributes
                0x000003b7       0x34 ./Drivers/STM32F7xx_HAL_Driver/Src/stm32f7xx_hal_crc.o
 .ARM.attributes
                0x000003eb       0x34 ./Drivers/STM32F7xx_HAL_Driver/Src/stm32f7xx_hal_crc_ex.o
 .ARM.attributes
                0x0000041f       0x34 ./Drivers/STM32F7xx_HAL_Driver/Src/stm32f7xx_hal_dma.o
 .ARM.attributes
                0x00000453       0x34 ./Drivers/STM32F7xx_HAL_Driver/Src/stm32f7xx_hal_dma2d.o
 .ARM.attributes
                0x00000487       0x34 ./Drivers/STM32F7xx_HAL_Driver/Src/stm32f7xx_hal_gpio.o
 .ARM.attributes
                0x000004bb       0x34 ./Drivers/STM32F7xx_HAL_Driver/Src/stm32f7xx_hal_i2c.o
 .ARM.attributes
                0x000004ef       0x34 ./Drivers/STM32F7xx_HAL_Driver/Src/stm32f7xx_hal_i2c_ex.o
 .ARM.attributes
                0x00000523       0x34 ./Drivers/STM32F7xx_HAL_Driver/Src/stm32f7xx_hal_ltdc.o
 .ARM.attributes
                0x00000557       0x34 ./Drivers/STM32F7xx_HAL_Driver/Src/stm32f7xx_hal_pwr.o
 .ARM.attributes
                0x0000058b       0x34 ./Drivers/STM32F7xx_HAL_Driver/Src/stm32f7xx_hal_pwr_ex.o
 .ARM.attributes
                0x000005bf       0x34 ./Drivers/STM32F7xx_HAL_Driver/Src/stm32f7xx_hal_rcc.o
 .ARM.attributes
                0x000005f3       0x34 ./Drivers/STM32F7xx_HAL_Driver/Src/stm32f7xx_hal_rcc_ex.o
 .ARM.attributes
                0x00000627       0x34 ./Drivers/STM32F7xx_HAL_Driver/Src/stm32f7xx_hal_sdram.o
 .ARM.attributes
                0x0000065b       0x34 ./Drivers/STM32F7xx_HAL_Driver/Src/stm32f7xx_hal_tim.o
 .ARM.attributes
                0x0000068f       0x34 ./Drivers/STM32F7xx_HAL_Driver/Src/stm32f7xx_hal_tim_ex.o
 .ARM.attributes
                0x000006c3       0x34 ./Drivers/STM32F7xx_HAL_Driver/Src/stm32f7xx_ll_fmc.o
 .ARM.attributes
                0x000006f7       0x34 C:/ST/STM32CubeIDE_2.0.0/STM32CubeIDE/plugins/com.st.stm32cube.ide.mcu.externaltools.gnu-tools-for-stm32.13.3.rel1.win32_1.0.100.202509120712/tools/bin/../lib/gcc/arm-none-eabi/13.3.1/../../../../arm-none-eabi/lib/thumb/v7e-m+fp/hard\libc_nano.a(libc_a-memset.o)
 .ARM.attributes
                0x0000072b       0x34 C:/ST/STM32CubeIDE_2.0.0/STM32CubeIDE/plugins/com.st.stm32cube.ide.mcu.externaltools.gnu-tools-for-stm32.13.3.rel1.win32_1.0.100.202509120712/tools/bin/../lib/gcc/arm-none-eabi/13.3.1/../../../../arm-none-eabi/lib/thumb/v7e-m+fp/hard\libc_nano.a(libc_a-init.o)
 .ARM.attributes
                0x0000075f       0x22 C:/ST/STM32CubeIDE_2.0.0/STM32CubeIDE/plugins/com.st.stm32cube.ide.mcu.externaltools.gnu-tools-for-stm32.13.3.rel1.win32_1.0.100.202509120712/tools/bin/../lib/gcc/arm-none-eabi/13.3.1/thumb/v7e-m+fp/hard\libgcc.a(_aeabi_uldivmod.o)
 .ARM.attributes
                0x00000781       0x34 C:/ST/STM32CubeIDE_2.0.0/STM32CubeIDE/plugins/com.st.stm32cube.ide.mcu.externaltools.gnu-tools-for-stm32.13.3.rel1.win32_1.0.100.202509120712/tools/bin/../lib/gcc/arm-none-eabi/13.3.1/thumb/v7e-m+fp/hard\libgcc.a(_udivmoddi4.o)
 .ARM.attributes
                0x000007b5       0x22 C:/ST/STM32CubeIDE_2.0.0/STM32CubeIDE/plugins/com.st.stm32cube.ide.mcu.externaltools.gnu-tools-for-stm32.13.3.rel1.win32_1.0.100.202509120712/tools/bin/../lib/gcc/arm-none-eabi/13.3.1/thumb/v7e-m+fp/hard\libgcc.a(_dvmd_tls.o)
 .ARM.attributes
                0x000007d7       0x22 C:/ST/STM32CubeIDE_2.0.0/STM32CubeIDE/plugins/com.st.stm32cube.ide.mcu.externaltools.gnu-tools-for-stm32.13.3.rel1.win32_1.0.100.202509120712/tools/bin/../lib/gcc/arm-none-eabi/13.3.1/thumb/v7e-m+fp/hard/crtn.o
OUTPUT(lcd-stm32f7.elf elf32-littlearm)
LOAD linker stubs
LOAD C:/ST/STM32CubeIDE_2.0.0/STM32CubeIDE/plugins/com.st.stm32cube.ide.mcu.externaltools.gnu-tools-for-stm32.13.3.rel1.win32_1.0.100.202509120712/tools/bin/../lib/gcc/arm-none-eabi/13.3.1/../../../../arm-none-eabi/lib/thumb/v7e-m+fp/hard\libc.a
LOAD C:/ST/STM32CubeIDE_2.0.0/STM32CubeIDE/plugins/com.st.stm32cube.ide.mcu.externaltools.gnu-tools-for-stm32.13.3.rel1.win32_1.0.100.202509120712/tools/bin/../lib/gcc/arm-none-eabi/13.3.1/../../../../arm-none-eabi/lib/thumb/v7e-m+fp/hard\libm.a
LOAD C:/ST/STM32CubeIDE_2.0.0/STM32CubeIDE/plugins/com.st.stm32cube.ide.mcu.externaltools.gnu-tools-for-stm32.13.3.rel1.win32_1.0.100.202509120712/tools/bin/../lib/gcc/arm-none-eabi/13.3.1/thumb/v7e-m+fp/hard\libgcc.a

.debug_info     0x00000000    0x1c25f
 .debug_info    0x00000000     0x261d ./Core/Src/main.o
 .debug_info    0x0000261d     0x1f73 ./Core/Src/stm32f7xx_hal_msp.o
 .debug_info    0x00004590      0xcc3 ./Core/Src/stm32f7xx_hal_timebase_tim.o
 .debug_info    0x00005253      0xe17 ./Core/Src/stm32f7xx_it.o
 .debug_info    0x0000606a      0x6ed ./Core/Src/system_stm32f7xx.o
 .debug_info    0x00006757       0x30 ./Core/Startup/startup_stm32f746nghx.o
 .debug_info    0x00006787      0x5f1 ./Drivers/BSP/Components/ft5336/ft5336.o
 .debug_info    0x00006d78     0x1b25 ./Drivers/BSP/STM32746G-Discovery/stm32746g_discovery.o
 .debug_info    0x0000889d     0x23e0 ./Drivers/BSP/STM32746G-Discovery/stm32746g_discovery_lcd.o
 .debug_info    0x0000ac7d     0x1056 ./Drivers/BSP/STM32746G-Discovery/stm32746g_discovery_sdram.o
 .debug_info    0x0000bcd3      0x97d ./Drivers/BSP/STM32746G-Discovery/stm32746g_discovery_ts.o
 .debug_info    0x0000c650      0x125 ./Drivers/BSP/Utilities/Fonts/font12.o
 .debug_info    0x0000c775      0x125 ./Drivers/BSP/Utilities/Fonts/font16.o
 .debug_info    0x0000c89a      0x125 ./Drivers/BSP/Utilities/Fonts/font20.o
 .debug_info    0x0000c9bf      0x125 ./Drivers/BSP/Utilities/Fonts/font24.o
 .debug_info    0x0000cae4      0x9d8 ./Drivers/STM32F7xx_HAL_Driver/Src/stm32f7xx_hal.o
 .debug_info    0x0000d4bc      0xf7e ./Drivers/STM32F7xx_HAL_Driver/Src/stm32f7xx_hal_cortex.o
 .debug_info    0x0000e43a      0x530 ./Drivers/STM32F7xx_HAL_Driver/Src/stm32f7xx_hal_crc.o
 .debug_info    0x0000e96a      0x35b ./Drivers/STM32F7xx_HAL_Driver/Src/stm32f7xx_hal_crc_ex.o
 .debug_info    0x0000ecc5      0x8e7 ./Drivers/STM32F7xx_HAL_Driver/Src/stm32f7xx_hal_dma.o
 .debug_info    0x0000f5ac      0xe8e ./Drivers/STM32F7xx_HAL_Driver/Src/stm32f7xx_hal_dma2d.o
 .debug_info    0x0001043a      0x6e7 ./Drivers/STM32F7xx_HAL_Driver/Src/stm32f7xx_hal_gpio.o
 .debug_info    0x00010b21     0x2147 ./Drivers/STM32F7xx_HAL_Driver/Src/stm32f7xx_hal_i2c.o
 .debug_info    0x00012c68      0x922 ./Drivers/STM32F7xx_HAL_Driver/Src/stm32f7xx_hal_i2c_ex.o
 .debug_info    0x0001358a     0x1031 ./Drivers/STM32F7xx_HAL_Driver/Src/stm32f7xx_hal_ltdc.o
 .debug_info    0x000145bb      0x90e ./Drivers/STM32F7xx_HAL_Driver/Src/stm32f7xx_hal_pwr.o
 .debug_info    0x00014ec9      0x8cd ./Drivers/STM32F7xx_HAL_Driver/Src/stm32f7xx_hal_pwr_ex.o
 .debug_info    0x00015796      0x8f0 ./Drivers/STM32F7xx_HAL_Driver/Src/stm32f7xx_hal_rcc.o
 .debug_info    0x00016086      0x6bd ./Drivers/STM32F7xx_HAL_Driver/Src/stm32f7xx_hal_rcc_ex.o
 .debug_info    0x00016743      0xed7 ./Drivers/STM32F7xx_HAL_Driver/Src/stm32f7xx_hal_sdram.o
 .debug_info    0x0001761a     0x2abd ./Drivers/STM32F7xx_HAL_Driver/Src/stm32f7xx_hal_tim.o
 .debug_info    0x0001a0d7     0x15bb ./Drivers/STM32F7xx_HAL_Driver/Src/stm32f7xx_hal_tim_ex.o
 .debug_info    0x0001b692      0xbcd ./Drivers/STM32F7xx_HAL_Driver/Src/stm32f7xx_ll_fmc.o

.debug_abbrev   0x00000000     0x4140
 .debug_abbrev  0x00000000      0x37d ./Core/Src/main.o
 .debug_abbrev  0x0000037d      0x2ab ./Core/Src/stm32f7xx_hal_msp.o
 .debug_abbrev  0x00000628      0x1f4 ./Core/Src/stm32f7xx_hal_timebase_tim.o
 .debug_abbrev  0x0000081c      0x1b4 ./Core/Src/stm32f7xx_it.o
 .debug_abbrev  0x000009d0      0x13b ./Core/Src/system_stm32f7xx.o
 .debug_abbrev  0x00000b0b       0x24 ./Core/Startup/startup_stm32f746nghx.o
 .debug_abbrev  0x00000b2f      0x254 ./Drivers/BSP/Components/ft5336/ft5336.o
 .debug_abbrev  0x00000d83      0x306 ./Drivers/BSP/STM32746G-Discovery/stm32746g_discovery.o
 .debug_abbrev  0x00001089      0x32e ./Drivers/BSP/STM32746G-Discovery/stm32746g_discovery_lcd.o
 .debug_abbrev  0x000013b7      0x27f ./Drivers/BSP/STM32746G-Discovery/stm32746g_discovery_sdram.o
 .debug_abbrev  0x00001636      0x271 ./Drivers/BSP/STM32746G-Discovery/stm32746g_discovery_ts.o
 .debug_abbrev  0x000018a7       0xb1 ./Drivers/BSP/Utilities/Fonts/font12.o
 .debug_abbrev  0x00001958       0xb1 ./Drivers/BSP/Utilities/Fonts/font16.o
 .debug_abbrev  0x00001a09       0xb1 ./Drivers/BSP/Utilities/Fonts/font20.o
 .debug_abbrev  0x00001aba       0xb1 ./Drivers/BSP/Utilities/Fonts/font24.o
 .debug_abbrev  0x00001b6b      0x213 ./Drivers/STM32F7xx_HAL_Driver/Src/stm32f7xx_hal.o
 .debug_abbrev  0x00001d7e      0x31e ./Drivers/STM32F7xx_HAL_Driver/Src/stm32f7xx_hal_cortex.o
 .debug_abbrev  0x0000209c      0x1ee ./Drivers/STM32F7xx_HAL_Driver/Src/stm32f7xx_hal_crc.o
 .debug_abbrev  0x0000228a      0x151 ./Drivers/STM32F7xx_HAL_Driver/Src/stm32f7xx_hal_crc_ex.o
 .debug_abbrev  0x000023db      0x264 ./Drivers/STM32F7xx_HAL_Driver/Src/stm32f7xx_hal_dma.o
 .debug_abbrev  0x0000263f      0x23e ./Drivers/STM32F7xx_HAL_Driver/Src/stm32f7xx_hal_dma2d.o
 .debug_abbrev  0x0000287d      0x1d4 ./Drivers/STM32F7xx_HAL_Driver/Src/stm32f7xx_hal_gpio.o
 .debug_abbrev  0x00002a51      0x260 ./Drivers/STM32F7xx_HAL_Driver/Src/stm32f7xx_hal_i2c.o
 .debug_abbrev  0x00002cb1      0x19c ./Drivers/STM32F7xx_HAL_Driver/Src/stm32f7xx_hal_i2c_ex.o
 .debug_abbrev  0x00002e4d      0x23a ./Drivers/STM32F7xx_HAL_Driver/Src/stm32f7xx_hal_ltdc.o
 .debug_abbrev  0x00003087      0x1c5 ./Drivers/STM32F7xx_HAL_Driver/Src/stm32f7xx_hal_pwr.o
 .debug_abbrev  0x0000324c      0x1d5 ./Drivers/STM32F7xx_HAL_Driver/Src/stm32f7xx_hal_pwr_ex.o
 .debug_abbrev  0x00003421      0x288 ./Drivers/STM32F7xx_HAL_Driver/Src/stm32f7xx_hal_rcc.o
 .debug_abbrev  0x000036a9      0x1c9 ./Drivers/STM32F7xx_HAL_Driver/Src/stm32f7xx_hal_rcc_ex.o
 .debug_abbrev  0x00003872      0x227 ./Drivers/STM32F7xx_HAL_Driver/Src/stm32f7xx_hal_sdram.o
 .debug_abbrev  0x00003a99      0x278 ./Drivers/STM32F7xx_HAL_Driver/Src/stm32f7xx_hal_tim.o
 .debug_abbrev  0x00003d11      0x283 ./Drivers/STM32F7xx_HAL_Driver/Src/stm32f7xx_hal_tim_ex.o
 .debug_abbrev  0x00003f94      0x1ac ./Drivers/STM32F7xx_HAL_Driver/Src/stm32f7xx_ll_fmc.o

.debug_aranges  0x00000000     0x18b0
 .debug_aranges
                0x00000000       0x90 ./Core/Src/main.o
 .debug_aranges
                0x00000090       0x90 ./Core/Src/stm32f7xx_hal_msp.o
 .debug_aranges
                0x00000120       0x30 ./Core/Src/stm32f7xx_hal_timebase_tim.o
 .debug_aranges
                0x00000150       0x78 ./Core/Src/stm32f7xx_it.o
 .debug_aranges
                0x000001c8       0x28 ./Core/Src/system_stm32f7xx.o
 .debug_aranges
                0x000001f0       0x28 ./Core/Startup/startup_stm32f746nghx.o
 .debug_aranges
                0x00000218       0x90 ./Drivers/BSP/Components/ft5336/ft5336.o
 .debug_aranges
                0x000002a8      0x128 ./Drivers/BSP/STM32746G-Discovery/stm32746g_discovery.o
 .debug_aranges
                0x000003d0      0x1d8 ./Drivers/BSP/STM32746G-Discovery/stm32746g_discovery_lcd.o
 .debug_aranges
                0x000005a8       0x68 ./Drivers/BSP/STM32746G-Discovery/stm32746g_discovery_sdram.o
 .debug_aranges
                0x00000610       0x58 ./Drivers/BSP/STM32746G-Discovery/stm32746g_discovery_ts.o
 .debug_aranges
                0x00000668       0x18 ./Drivers/BSP/Utilities/Fonts/font12.o
 .debug_aranges
                0x00000680       0x18 ./Drivers/BSP/Utilities/Fonts/font16.o
 .debug_aranges
                0x00000698       0x18 ./Drivers/BSP/Utilities/Fonts/font20.o
 .debug_aranges
                0x000006b0       0x18 ./Drivers/BSP/Utilities/Fonts/font24.o
 .debug_aranges
                0x000006c8      0x100 ./Drivers/STM32F7xx_HAL_Driver/Src/stm32f7xx_hal.o
 .debug_aranges
                0x000007c8      0x128 ./Drivers/STM32F7xx_HAL_Driver/Src/stm32f7xx_hal_cortex.o
 .debug_aranges
                0x000008f0       0x60 ./Drivers/STM32F7xx_HAL_Driver/Src/stm32f7xx_hal_crc.o
 .debug_aranges
                0x00000950       0x30 ./Drivers/STM32F7xx_HAL_Driver/Src/stm32f7xx_hal_crc_ex.o
 .debug_aranges
                0x00000980       0x90 ./Drivers/STM32F7xx_HAL_Driver/Src/stm32f7xx_hal_dma.o
 .debug_aranges
                0x00000a10      0x118 ./Drivers/STM32F7xx_HAL_Driver/Src/stm32f7xx_hal_dma2d.o
 .debug_aranges
                0x00000b28       0x58 ./Drivers/STM32F7xx_HAL_Driver/Src/stm32f7xx_hal_gpio.o
 .debug_aranges
                0x00000b80      0x2a0 ./Drivers/STM32F7xx_HAL_Driver/Src/stm32f7xx_hal_i2c.o
 .debug_aranges
                0x00000e20       0x38 ./Drivers/STM32F7xx_HAL_Driver/Src/stm32f7xx_hal_i2c_ex.o
 .debug_aranges
                0x00000e58      0x158 ./Drivers/STM32F7xx_HAL_Driver/Src/stm32f7xx_hal_ltdc.o
 .debug_aranges
                0x00000fb0       0xa0 ./Drivers/STM32F7xx_HAL_Driver/Src/stm32f7xx_hal_pwr.o
 .debug_aranges
                0x00001050       0x80 ./Drivers/STM32F7xx_HAL_Driver/Src/stm32f7xx_hal_pwr_ex.o
 .debug_aranges
                0x000010d0       0x88 ./Drivers/STM32F7xx_HAL_Driver/Src/stm32f7xx_hal_rcc.o
 .debug_aranges
                0x00001158       0x50 ./Drivers/STM32F7xx_HAL_Driver/Src/stm32f7xx_hal_rcc_ex.o
 .debug_aranges
                0x000011a8       0xe8 ./Drivers/STM32F7xx_HAL_Driver/Src/stm32f7xx_hal_sdram.o
 .debug_aranges
                0x00001290      0x3e0 ./Drivers/STM32F7xx_HAL_Driver/Src/stm32f7xx_hal_tim.o
 .debug_aranges
                0x00001670      0x178 ./Drivers/STM32F7xx_HAL_Driver/Src/stm32f7xx_hal_tim_ex.o
 .debug_aranges
                0x000017e8       0xc8 ./Drivers/STM32F7xx_HAL_Driver/Src/stm32f7xx_ll_fmc.o

.debug_rnglists
                0x00000000     0x12c1
 .debug_rnglists
                0x00000000       0x71 ./Core/Src/main.o
 .debug_rnglists
                0x00000071       0x6b ./Core/Src/stm32f7xx_hal_msp.o
 .debug_rnglists
                0x000000dc       0x20 ./Core/Src/stm32f7xx_hal_timebase_tim.o
 .debug_rnglists
                0x000000fc       0x55 ./Core/Src/stm32f7xx_it.o
 .debug_rnglists
                0x00000151       0x1a ./Core/Src/system_stm32f7xx.o
 .debug_rnglists
                0x0000016b       0x19 ./Core/Startup/startup_stm32f746nghx.o
 .debug_rnglists
                0x00000184       0x69 ./Drivers/BSP/Components/ft5336/ft5336.o
 .debug_rnglists
                0x000001ed       0xdc ./Drivers/BSP/STM32746G-Discovery/stm32746g_discovery.o
 .debug_rnglists
                0x000002c9      0x176 ./Drivers/BSP/STM32746G-Discovery/stm32746g_discovery_lcd.o
 .debug_rnglists
                0x0000043f       0x4c ./Drivers/BSP/STM32746G-Discovery/stm32746g_discovery_sdram.o
 .debug_rnglists
                0x0000048b       0x41 ./Drivers/BSP/STM32746G-Discovery/stm32746g_discovery_ts.o
 .debug_rnglists
                0x000004cc       0xbb ./Drivers/STM32F7xx_HAL_Driver/Src/stm32f7xx_hal.o
 .debug_rnglists
                0x00000587       0xda ./Drivers/STM32F7xx_HAL_Driver/Src/stm32f7xx_hal_cortex.o
 .debug_rnglists
                0x00000661       0x47 ./Drivers/STM32F7xx_HAL_Driver/Src/stm32f7xx_hal_crc.o
 .debug_rnglists
                0x000006a8       0x20 ./Drivers/STM32F7xx_HAL_Driver/Src/stm32f7xx_hal_crc_ex.o
 .debug_rnglists
                0x000006c8       0x70 ./Drivers/STM32F7xx_HAL_Driver/Src/stm32f7xx_hal_dma.o
 .debug_rnglists
                0x00000738       0xdc ./Drivers/STM32F7xx_HAL_Driver/Src/stm32f7xx_hal_dma2d.o
 .debug_rnglists
                0x00000814       0x3f ./Drivers/STM32F7xx_HAL_Driver/Src/stm32f7xx_hal_gpio.o
 .debug_rnglists
                0x00000853      0x228 ./Drivers/STM32F7xx_HAL_Driver/Src/stm32f7xx_hal_i2c.o
 .debug_rnglists
                0x00000a7b       0x27 ./Drivers/STM32F7xx_HAL_Driver/Src/stm32f7xx_hal_i2c_ex.o
 .debug_rnglists
                0x00000aa2      0x10a ./Drivers/STM32F7xx_HAL_Driver/Src/stm32f7xx_hal_ltdc.o
 .debug_rnglists
                0x00000bac       0x74 ./Drivers/STM32F7xx_HAL_Driver/Src/stm32f7xx_hal_pwr.o
 .debug_rnglists
                0x00000c20       0x5f ./Drivers/STM32F7xx_HAL_Driver/Src/stm32f7xx_hal_pwr_ex.o
 .debug_rnglists
                0x00000c7f       0x67 ./Drivers/STM32F7xx_HAL_Driver/Src/stm32f7xx_hal_rcc.o
 .debug_rnglists
                0x00000ce6       0x3c ./Drivers/STM32F7xx_HAL_Driver/Src/stm32f7xx_hal_rcc_ex.o
 .debug_rnglists
                0x00000d22       0xb1 ./Drivers/STM32F7xx_HAL_Driver/Src/stm32f7xx_hal_sdram.o
 .debug_rnglists
                0x00000dd3      0x328 ./Drivers/STM32F7xx_HAL_Driver/Src/stm32f7xx_hal_tim.o
 .debug_rnglists
                0x000010fb      0x131 ./Drivers/STM32F7xx_HAL_Driver/Src/stm32f7xx_hal_tim_ex.o
 .debug_rnglists
                0x0000122c       0x95 ./Drivers/STM32F7xx_HAL_Driver/Src/stm32f7xx_ll_fmc.o

.debug_macro    0x00000000    0x2a2aa
 .debug_macro   0x00000000      0x448 ./Core/Src/main.o
 .debug_macro   0x00000448      0xad8 ./Core/Src/main.o
 .debug_macro   0x00000f20      0x2ab ./Core/Src/main.o
 .debug_macro   0x000011cb       0x2e ./Core/Src/main.o
 .debug_macro   0x000011f9       0x3b ./Core/Src/main.o
 .debug_macro   0x00001234       0x22 ./Core/Src/main.o
 .debug_macro   0x00001256       0x8e ./Core/Src/main.o
 .debug_macro   0x000012e4       0x51 ./Core/Src/main.o
 .debug_macro   0x00001335      0x103 ./Core/Src/main.o
 .debug_macro   0x00001438       0x6a ./Core/Src/main.o
 .debug_macro   0x000014a2      0x1df ./Core/Src/main.o
 .debug_macro   0x00001681       0x1c ./Core/Src/main.o
 .debug_macro   0x0000169d       0x22 ./Core/Src/main.o
 .debug_macro   0x000016bf       0xd9 ./Core/Src/main.o
 .debug_macro   0x00001798     0x12cd ./Core/Src/main.o
 .debug_macro   0x00002a65      0x11f ./Core/Src/main.o
 .debug_macro   0x00002b84       0x19 ./Core/Src/main.o
 .debug_macro   0x00002b9d    0x19222 ./Core/Src/main.o
 .debug_macro   0x0001bdbf       0x6d ./Core/Src/main.o
 .debug_macro   0x0001be2c     0x375e ./Core/Src/main.o
 .debug_macro   0x0001f58a      0x190 ./Core/Src/main.o
 .debug_macro   0x0001f71a       0x63 ./Core/Src/main.o
 .debug_macro   0x0001f77d     0x18ad ./Core/Src/main.o
 .debug_macro   0x0002102a      0x6c4 ./Core/Src/main.o
 .debug_macro   0x000216ee      0x185 ./Core/Src/main.o
 .debug_macro   0x00021873      0x115 ./Core/Src/main.o
 .debug_macro   0x00021988      0x1fd ./Core/Src/main.o
 .debug_macro   0x00021b85       0xa5 ./Core/Src/main.o
 .debug_macro   0x00021c2a      0x24f ./Core/Src/main.o
 .debug_macro   0x00021e79       0x41 ./Core/Src/main.o
 .debug_macro   0x00021eba       0x58 ./Core/Src/main.o
 .debug_macro   0x00021f12      0x236 ./Core/Src/main.o
 .debug_macro   0x00022148       0xc7 ./Core/Src/main.o
 .debug_macro   0x0002220f       0x4c ./Core/Src/main.o
 .debug_macro   0x0002225b      0x208 ./Core/Src/main.o
 .debug_macro   0x00022463      0x14e ./Core/Src/main.o
 .debug_macro   0x000225b1      0x25a ./Core/Src/main.o
 .debug_macro   0x0002280b       0x12 ./Core/Src/main.o
 .debug_macro   0x0002281d      0x504 ./Core/Src/main.o
 .debug_macro   0x00022d21      0x22c ./Core/Src/main.o
 .debug_macro   0x00022f4d       0x61 ./Core/Src/main.o
 .debug_macro   0x00022fae       0xa5 ./Core/Src/main.o
 .debug_macro   0x00023053      0x198 ./Core/Src/main.o
 .debug_macro   0x000231eb       0xd6 ./Core/Src/main.o
 .debug_macro   0x000232c1      0x12e ./Core/Src/main.o
 .debug_macro   0x000233ef      0x108 ./Core/Src/main.o
 .debug_macro   0x000234f7       0x35 ./Core/Src/main.o
 .debug_macro   0x0002352c      0xa83 ./Core/Src/main.o
 .debug_macro   0x00023faf       0x59 ./Core/Src/main.o
 .debug_macro   0x00024008      0x56d ./Core/Src/main.o
 .debug_macro   0x00024575       0x44 ./Core/Src/main.o
 .debug_macro   0x000245b9      0x14d ./Core/Src/main.o
 .debug_macro   0x00024706      0x89c ./Core/Src/main.o
 .debug_macro   0x00024fa2      0x261 ./Core/Src/main.o
 .debug_macro   0x00025203       0x40 ./Core/Src/main.o
 .debug_macro   0x00025243       0xa0 ./Core/Src/main.o
 .debug_macro   0x000252e3       0x10 ./Core/Src/main.o
 .debug_macro   0x000252f3      0x119 ./Core/Src/main.o
 .debug_macro   0x0002540c       0x10 ./Core/Src/main.o
 .debug_macro   0x0002541c      0x39e ./Core/Src/main.o
 .debug_macro   0x000257ba       0x2e ./Core/Src/main.o
 .debug_macro   0x000257e8       0x61 ./Core/Src/main.o
 .debug_macro   0x00025849       0x2a ./Core/Src/main.o
 .debug_macro   0x00025873       0x43 ./Core/Src/main.o
 .debug_macro   0x000258b6       0x34 ./Core/Src/main.o
 .debug_macro   0x000258ea       0x16 ./Core/Src/main.o
 .debug_macro   0x00025900       0x3c ./Core/Src/main.o
 .debug_macro   0x0002593c      0x370 ./Core/Src/main.o
 .debug_macro   0x00025cac       0x10 ./Core/Src/main.o
 .debug_macro   0x00025cbc       0x16 ./Core/Src/main.o
 .debug_macro   0x00025cd2       0x4a ./Core/Src/main.o
 .debug_macro   0x00025d1c       0x34 ./Core/Src/main.o
 .debug_macro   0x00025d50       0x10 ./Core/Src/main.o
 .debug_macro   0x00025d60       0x58 ./Core/Src/main.o
 .debug_macro   0x00025db8       0x8e ./Core/Src/main.o
 .debug_macro   0x00025e46       0x1c ./Core/Src/main.o
 .debug_macro   0x00025e62      0x185 ./Core/Src/main.o
 .debug_macro   0x00025fe7       0x16 ./Core/Src/main.o
 .debug_macro   0x00025ffd       0x16 ./Core/Src/main.o
 .debug_macro   0x00026013      0x146 ./Core/Src/main.o
 .debug_macro   0x00026159       0x16 ./Core/Src/main.o
 .debug_macro   0x0002616f       0x20 ./Core/Src/main.o
 .debug_macro   0x0002618f      0x244 ./Core/Src/stm32f7xx_hal_msp.o
 .debug_macro   0x000263d3      0x235 ./Core/Src/stm32f7xx_hal_timebase_tim.o
 .debug_macro   0x00026608      0x24e ./Core/Src/stm32f7xx_it.o
 .debug_macro   0x00026856      0x235 ./Core/Src/system_stm32f7xx.o
 .debug_macro   0x00026a8b       0x7b ./Drivers/BSP/Components/ft5336/ft5336.o
 .debug_macro   0x00026b06      0x262 ./Drivers/BSP/STM32746G-Discovery/stm32746g_discovery.o
 .debug_macro   0x00026d68      0x25b ./Drivers/BSP/STM32746G-Discovery/stm32746g_discovery.o
 .debug_macro   0x00026fc3      0x280 ./Drivers/BSP/STM32746G-Discovery/stm32746g_discovery_lcd.o
 .debug_macro   0x00027243       0x9a ./Drivers/BSP/STM32746G-Discovery/stm32746g_discovery_lcd.o
 .debug_macro   0x000272dd      0x244 ./Drivers/BSP/STM32746G-Discovery/stm32746g_discovery_sdram.o
 .debug_macro   0x00027521      0x26b ./Drivers/BSP/STM32746G-Discovery/stm32746g_discovery_ts.o
 .debug_macro   0x0002778c       0x73 ./Drivers/BSP/Utilities/Fonts/font12.o
 .debug_macro   0x000277ff       0x73 ./Drivers/BSP/Utilities/Fonts/font16.o
 .debug_macro   0x00027872       0x73 ./Drivers/BSP/Utilities/Fonts/font20.o
 .debug_macro   0x000278e5       0x73 ./Drivers/BSP/Utilities/Fonts/font24.o
 .debug_macro   0x00027958      0x259 ./Drivers/STM32F7xx_HAL_Driver/Src/stm32f7xx_hal.o
 .debug_macro   0x00027bb1      0x235 ./Drivers/STM32F7xx_HAL_Driver/Src/stm32f7xx_hal_cortex.o
 .debug_macro   0x00027de6      0x235 ./Drivers/STM32F7xx_HAL_Driver/Src/stm32f7xx_hal_crc.o
 .debug_macro   0x0002801b      0x235 ./Drivers/STM32F7xx_HAL_Driver/Src/stm32f7xx_hal_crc_ex.o
 .debug_macro   0x00028250      0x23b ./Drivers/STM32F7xx_HAL_Driver/Src/stm32f7xx_hal_dma.o
 .debug_macro   0x0002848b      0x244 ./Drivers/STM32F7xx_HAL_Driver/Src/stm32f7xx_hal_dma2d.o
 .debug_macro   0x000286cf      0x23b ./Drivers/STM32F7xx_HAL_Driver/Src/stm32f7xx_hal_gpio.o
 .debug_macro   0x0002890a      0x301 ./Drivers/STM32F7xx_HAL_Driver/Src/stm32f7xx_hal_i2c.o
 .debug_macro   0x00028c0b      0x235 ./Drivers/STM32F7xx_HAL_Driver/Src/stm32f7xx_hal_i2c_ex.o
 .debug_macro   0x00028e40      0x23d ./Drivers/STM32F7xx_HAL_Driver/Src/stm32f7xx_hal_ltdc.o
 .debug_macro   0x0002907d      0x253 ./Drivers/STM32F7xx_HAL_Driver/Src/stm32f7xx_hal_pwr.o
 .debug_macro   0x000292d0      0x24d ./Drivers/STM32F7xx_HAL_Driver/Src/stm32f7xx_hal_pwr_ex.o
 .debug_macro   0x0002951d      0x259 ./Drivers/STM32F7xx_HAL_Driver/Src/stm32f7xx_hal_rcc.o
 .debug_macro   0x00029776      0x235 ./Drivers/STM32F7xx_HAL_Driver/Src/stm32f7xx_hal_rcc_ex.o
 .debug_macro   0x000299ab      0x235 ./Drivers/STM32F7xx_HAL_Driver/Src/stm32f7xx_hal_sdram.o
 .debug_macro   0x00029be0      0x236 ./Drivers/STM32F7xx_HAL_Driver/Src/stm32f7xx_hal_tim.o
 .debug_macro   0x00029e16      0x235 ./Drivers/STM32F7xx_HAL_Driver/Src/stm32f7xx_hal_tim_ex.o
 .debug_macro   0x0002a04b      0x25f ./Drivers/STM32F7xx_HAL_Driver/Src/stm32f7xx_ll_fmc.o

.debug_line     0x00000000    0x1e6cc
 .debug_line    0x00000000     0x1265 ./Core/Src/main.o
 .debug_line    0x00001265      0xb1d ./Core/Src/stm32f7xx_hal_msp.o
 .debug_line    0x00001d82      0x89f ./Core/Src/stm32f7xx_hal_timebase_tim.o
 .debug_line    0x00002621      0x913 ./Core/Src/stm32f7xx_it.o
 .debug_line    0x00002f34      0x895 ./Core/Src/system_stm32f7xx.o
 .debug_line    0x000037c9       0x7a ./Core/Startup/startup_stm32f746nghx.o
 .debug_line    0x00003843      0x771 ./Drivers/BSP/Components/ft5336/ft5336.o
 .debug_line    0x00003fb4      0xd03 ./Drivers/BSP/STM32746G-Discovery/stm32746g_discovery.o
 .debug_line    0x00004cb7     0x1950 ./Drivers/BSP/STM32746G-Discovery/stm32746g_discovery_lcd.o
 .debug_line    0x00006607      0xa1c ./Drivers/BSP/STM32746G-Discovery/stm32746g_discovery_sdram.o
 .debug_line    0x00007023      0xbd1 ./Drivers/BSP/STM32746G-Discovery/stm32746g_discovery_ts.o
 .debug_line    0x00007bf4      0x416 ./Drivers/BSP/Utilities/Fonts/font12.o
 .debug_line    0x0000800a      0x416 ./Drivers/BSP/Utilities/Fonts/font16.o
 .debug_line    0x00008420      0x416 ./Drivers/BSP/Utilities/Fonts/font20.o
 .debug_line    0x00008836      0x416 ./Drivers/BSP/Utilities/Fonts/font24.o
 .debug_line    0x00008c4c      0xb48 ./Drivers/STM32F7xx_HAL_Driver/Src/stm32f7xx_hal.o
 .debug_line    0x00009794      0xdc8 ./Drivers/STM32F7xx_HAL_Driver/Src/stm32f7xx_hal_cortex.o
 .debug_line    0x0000a55c      0xae2 ./Drivers/STM32F7xx_HAL_Driver/Src/stm32f7xx_hal_crc.o
 .debug_line    0x0000b03e      0x8de ./Drivers/STM32F7xx_HAL_Driver/Src/stm32f7xx_hal_crc_ex.o
 .debug_line    0x0000b91c     0x1095 ./Drivers/STM32F7xx_HAL_Driver/Src/stm32f7xx_hal_dma.o
 .debug_line    0x0000c9b1     0x1238 ./Drivers/STM32F7xx_HAL_Driver/Src/stm32f7xx_hal_dma2d.o
 .debug_line    0x0000dbe9      0xca2 ./Drivers/STM32F7xx_HAL_Driver/Src/stm32f7xx_hal_gpio.o
 .debug_line    0x0000e88b     0x387f ./Drivers/STM32F7xx_HAL_Driver/Src/stm32f7xx_hal_i2c.o
 .debug_line    0x0001210a      0x8f3 ./Drivers/STM32F7xx_HAL_Driver/Src/stm32f7xx_hal_i2c_ex.o
 .debug_line    0x000129fd     0x1423 ./Drivers/STM32F7xx_HAL_Driver/Src/stm32f7xx_hal_ltdc.o
 .debug_line    0x00013e20      0xa48 ./Drivers/STM32F7xx_HAL_Driver/Src/stm32f7xx_hal_pwr.o
 .debug_line    0x00014868      0xb18 ./Drivers/STM32F7xx_HAL_Driver/Src/stm32f7xx_hal_pwr_ex.o
 .debug_line    0x00015380     0x103b ./Drivers/STM32F7xx_HAL_Driver/Src/stm32f7xx_hal_rcc.o
 .debug_line    0x000163bb      0xf79 ./Drivers/STM32F7xx_HAL_Driver/Src/stm32f7xx_hal_rcc_ex.o
 .debug_line    0x00017334      0xe1e ./Drivers/STM32F7xx_HAL_Driver/Src/stm32f7xx_hal_sdram.o
 .debug_line    0x00018152     0x3de3 ./Drivers/STM32F7xx_HAL_Driver/Src/stm32f7xx_hal_tim.o
 .debug_line    0x0001bf35     0x1b76 ./Drivers/STM32F7xx_HAL_Driver/Src/stm32f7xx_hal_tim_ex.o
 .debug_line    0x0001daab      0xc21 ./Drivers/STM32F7xx_HAL_Driver/Src/stm32f7xx_ll_fmc.o

.debug_str      0x00000000    0xfefb7
 .debug_str     0x00000000    0xfefb7 ./Core/Src/main.o
                              0xf912f (size before relaxing)
 .debug_str     0x000fefb7        0x0 ./Core/Src/stm32f7xx_hal_msp.o
                              0xf2287 (size before relaxing)
 .debug_str     0x000fefb7        0x0 ./Core/Src/stm32f7xx_hal_timebase_tim.o
                              0xef726 (size before relaxing)
 .debug_str     0x000fefb7        0x0 ./Core/Src/stm32f7xx_it.o
                              0xf13af (size before relaxing)
 .debug_str     0x000fefb7        0x0 ./Core/Src/system_stm32f7xx.o
                              0xeec01 (size before relaxing)
 .debug_str     0x000fefb7        0x0 ./Core/Startup/startup_stm32f746nghx.o
                                 0x87 (size before relaxing)
 .debug_str     0x000fefb7        0x0 ./Drivers/BSP/Components/ft5336/ft5336.o
                               0x54e8 (size before relaxing)
 .debug_str     0x000fefb7        0x0 ./Drivers/BSP/STM32746G-Discovery/stm32746g_discovery.o
                              0xf0fe8 (size before relaxing)
 .debug_str     0x000fefb7        0x0 ./Drivers/BSP/STM32746G-Discovery/stm32746g_discovery_lcd.o
                              0xf1c10 (size before relaxing)
 .debug_str     0x000fefb7        0x0 ./Drivers/BSP/STM32746G-Discovery/stm32746g_discovery_sdram.o
                              0xefc82 (size before relaxing)
 .debug_str     0x000fefb7        0x0 ./Drivers/BSP/STM32746G-Discovery/stm32746g_discovery_ts.o
                              0xf19ad (size before relaxing)
 .debug_str     0x000fefb7        0x0 ./Drivers/BSP/Utilities/Fonts/font12.o
                               0x3e47 (size before relaxing)
 .debug_str     0x000fefb7        0x0 ./Drivers/BSP/Utilities/Fonts/font16.o
                               0x3e47 (size before relaxing)
 .debug_str     0x000fefb7        0x0 ./Drivers/BSP/Utilities/Fonts/font20.o
                               0x3e47 (size before relaxing)
 .debug_str     0x000fefb7        0x0 ./Drivers/BSP/Utilities/Fonts/font24.o
                               0x3e47 (size before relaxing)
 .debug_str     0x000fefb7        0x0 ./Drivers/STM32F7xx_HAL_Driver/Src/stm32f7xx_hal.o
                              0xef56a (size before relaxing)
 .debug_str     0x000fefb7        0x0 ./Drivers/STM32F7xx_HAL_Driver/Src/stm32f7xx_hal_cortex.o
                              0xef587 (size before relaxing)
 .debug_str     0x000fefb7        0x0 ./Drivers/STM32F7xx_HAL_Driver/Src/stm32f7xx_hal_crc.o
                              0xeec3c (size before relaxing)
 .debug_str     0x000fefb7        0x0 ./Drivers/STM32F7xx_HAL_Driver/Src/stm32f7xx_hal_crc_ex.o
                              0xeebf6 (size before relaxing)
 .debug_str     0x000fefb7        0x0 ./Drivers/STM32F7xx_HAL_Driver/Src/stm32f7xx_hal_dma.o
                              0xeef40 (size before relaxing)
 .debug_str     0x000fefb7        0x0 ./Drivers/STM32F7xx_HAL_Driver/Src/stm32f7xx_hal_dma2d.o
                              0xef114 (size before relaxing)
 .debug_str     0x000fefb7        0x0 ./Drivers/STM32F7xx_HAL_Driver/Src/stm32f7xx_hal_gpio.o
                              0xeecbf (size before relaxing)
 .debug_str     0x000fefb7        0x0 ./Drivers/STM32F7xx_HAL_Driver/Src/stm32f7xx_hal_i2c.o
                              0xefe14 (size before relaxing)
 .debug_str     0x000fefb7        0x0 ./Drivers/STM32F7xx_HAL_Driver/Src/stm32f7xx_hal_i2c_ex.o
                              0xef093 (size before relaxing)
 .debug_str     0x000fefb7        0x0 ./Drivers/STM32F7xx_HAL_Driver/Src/stm32f7xx_hal_ltdc.o
                              0xef192 (size before relaxing)
 .debug_str     0x000fefb7        0x0 ./Drivers/STM32F7xx_HAL_Driver/Src/stm32f7xx_hal_pwr.o
                              0xeeea2 (size before relaxing)
 .debug_str     0x000fefb7        0x0 ./Drivers/STM32F7xx_HAL_Driver/Src/stm32f7xx_hal_pwr_ex.o
                              0xeee70 (size before relaxing)
 .debug_str     0x000fefb7        0x0 ./Drivers/STM32F7xx_HAL_Driver/Src/stm32f7xx_hal_rcc.o
                              0xeef63 (size before relaxing)
 .debug_str     0x000fefb7        0x0 ./Drivers/STM32F7xx_HAL_Driver/Src/stm32f7xx_hal_rcc_ex.o
                              0xeee9b (size before relaxing)
 .debug_str     0x000fefb7        0x0 ./Drivers/STM32F7xx_HAL_Driver/Src/stm32f7xx_hal_sdram.o
                              0xef24e (size before relaxing)
 .debug_str     0x000fefb7        0x0 ./Drivers/STM32F7xx_HAL_Driver/Src/stm32f7xx_hal_tim.o
                              0xeff24 (size before relaxing)
 .debug_str     0x000fefb7        0x0 ./Drivers/STM32F7xx_HAL_Driver/Src/stm32f7xx_hal_tim_ex.o
                              0xef76a (size before relaxing)
 .debug_str     0x000fefb7        0x0 ./Drivers/STM32F7xx_HAL_Driver/Src/stm32f7xx_ll_fmc.o
                              0xef412 (size before relaxing)

.comment        0x00000000       0x43
 .comment       0x00000000       0x43 ./Core/Src/main.o
                                 0x44 (size before relaxing)
 .comment       0x00000043        0x0 ./Core/Src/stm32f7xx_hal_msp.o
                                 0x44 (size before relaxing)
 .comment       0x00000043        0x0 ./Core/Src/stm32f7xx_hal_timebase_tim.o
                                 0x44 (size before relaxing)
 .comment       0x00000043        0x0 ./Core/Src/stm32f7xx_it.o
                                 0x44 (size before relaxing)
 .comment       0x00000043        0x0 ./Core/Src/system_stm32f7xx.o
                                 0x44 (size before relaxing)
 .comment       0x00000043        0x0 ./Drivers/BSP/Components/ft5336/ft5336.o
                                 0x44 (size before relaxing)
 .comment       0x00000043        0x0 ./Drivers/BSP/STM32746G-Discovery/stm32746g_discovery.o
                                 0x44 (size before relaxing)
 .comment       0x00000043        0x0 ./Drivers/BSP/STM32746G-Discovery/stm32746g_discovery_lcd.o
                                 0x44 (size before relaxing)
 .comment       0x00000043        0x0 ./Drivers/BSP/STM32746G-Discovery/stm32746g_discovery_sdram.o
                                 0x44 (size before relaxing)
 .comment       0x00000043        0x0 ./Drivers/BSP/STM32746G-Discovery/stm32746g_discovery_ts.o
                                 0x44 (size before relaxing)
 .comment       0x00000043        0x0 ./Drivers/BSP/Utilities/Fonts/font12.o
                                 0x44 (size before relaxing)
 .comment       0x00000043        0x0 ./Drivers/BSP/Utilities/Fonts/font16.o
                                 0x44 (size before relaxing)
 .comment       0x00000043        0x0 ./Drivers/BSP/Utilities/Fonts/font20.o
                                 0x44 (size before relaxing)
 .comment       0x00000043        0x0 ./Drivers/BSP/Utilities/Fonts/font24.o
                                 0x44 (size before relaxing)
 .comment       0x00000043        0x0 ./Drivers/STM32F7xx_HAL_Driver/Src/stm32f7xx_hal.o
                                 0x44 (size before relaxing)
 .comment       0x00000043        0x0 ./Drivers/STM32F7xx_HAL_Driver/Src/stm32f7xx_hal_cortex.o
                                 0x44 (size before relaxing)
 .comment       0x00000043        0x0 ./Drivers/STM32F7xx_HAL_Driver/Src/stm32f7xx_hal_crc.o
                                 0x44 (size before relaxing)
 .comment       0x00000043        0x0 ./Drivers/STM32F7xx_HAL_Driver/Src/stm32f7xx_hal_crc_ex.o
                                 0x44 (size before relaxing)
 .comment       0x00000043        0x0 ./Drivers/STM32F7xx_HAL_Driver/Src/stm32f7xx_hal_dma.o
                                 0x44 (size before relaxing)
 .comment       0x00000043        0x0 ./Drivers/STM32F7xx_HAL_Driver/Src/stm32f7xx_hal_dma2d.o
                                 0x44 (size before relaxing)
 .comment       0x00000043        0x0 ./Drivers/STM32F7xx_HAL_Driver/Src/stm32f7xx_hal_gpio.o
                                 0x44 (size before relaxing)
 .comment       0x00000043        0x0 ./Drivers/STM32F7xx_HAL_Driver/Src/stm32f7xx_hal_i2c.o
                                 0x44 (size before relaxing)